Component: ARM Compiler 5.06 update 7 (build 960) Tool: armlink [4d3601]

==============================================================================

Section Cross References

    startup_lpc17xx.o(STACK) refers (Special) to heapauxi.o(.text) for __use_two_region_memory
    startup_lpc17xx.o(HEAP) refers (Special) to heapauxi.o(.text) for __use_two_region_memory
    startup_lpc17xx.o(RESET) refers (Special) to heapauxi.o(.text) for __use_two_region_memory
    startup_lpc17xx.o(RESET) refers to startup_lpc17xx.o(STACK) for __initial_sp
    startup_lpc17xx.o(RESET) refers to startup_lpc17xx.o(.text) for Reset_Handler
    startup_lpc17xx.o(RESET) refers to irq_timer.o(.text) for TIMER0_IRQHandler
    startup_lpc17xx.o(RESET) refers to irq_button.o(.text) for EINT0_IRQHandler
    startup_lpc17xx.o(RESET) refers to irq_adc.o(.text) for ADC_IRQHandler
    startup_lpc17xx.o(RESET) refers to irq_rit.o(.text) for RIT_IRQHandler
    startup_lpc17xx.o(.ARM.__at_0x02FC) refers (Special) to heapauxi.o(.text) for __use_two_region_memory
    startup_lpc17xx.o(.text) refers (Special) to heapauxi.o(.text) for __use_two_region_memory
    startup_lpc17xx.o(.text) refers to __main.o(!!!main) for __main
    startup_lpc17xx.o(.text) refers to startup_lpc17xx.o(HEAP) for Heap_Mem
    startup_lpc17xx.o(.text) refers to startup_lpc17xx.o(STACK) for Stack_Mem
    sample.o(.text) refers to system_lpc17xx.o(.text) for SystemInit
    sample.o(.text) refers to glcd.o(.text) for LCD_Initialization
    sample.o(.text) refers to touchpanel.o(.text) for TP_Init
    sample.o(.text) refers to lib_button.o(.text) for BUTTON_init
    sample.o(.text) refers to lib_joystick.o(.text) for joystick_init
    sample.o(.text) refers to lib_rit.o(.text) for init_RIT
    sample.o(.text) refers to lib_adc.o(.text) for ADC_init
    sample.o(.text) refers to lib_timer.o(.text) for init_timer
    system_lpc17xx.o(.text) refers to system_lpc17xx.o(.data) for .data
    irq_timer.o(.text) refers to _printf_pad.o(.text) for _printf_pre_padding
    irq_timer.o(.text) refers to _printf_percent.o(.ARM.Collect$$_printf_percent$$00000000) for _printf_percent
    irq_timer.o(.text) refers to _printf_d.o(.ARM.Collect$$_printf_percent$$00000009) for _printf_d
    irq_timer.o(.text) refers to _printf_dec.o(.text) for _printf_int_dec
    irq_timer.o(.text) refers to glcd.o(.text) for deleteHeart2
    irq_timer.o(.text) refers to noretval__2sprintf.o(.text) for __2sprintf
    irq_timer.o(.text) refers to dflt_clz.o(x$fpl$dfltu) for __aeabi_ui2d
    irq_timer.o(.text) refers to dmul.o(x$fpl$dmul) for __aeabi_dmul
    irq_timer.o(.text) refers to dfixu.o(x$fpl$dfixu) for __aeabi_d2uiz
    irq_timer.o(.text) refers to lib_timer.o(.text) for disable_timer
    irq_timer.o(.text) refers to glcd.o(.data) for eating
    irq_timer.o(.text) refers to glcd.o(.data) for ss
    irq_timer.o(.text) refers to irq_timer.o(.data) for .data
    irq_timer.o(.text) refers to irq_adc.o(.data) for volume
    irq_timer.o(.text) refers to glcd.o(.data) for cuddle
    asciilib.o(.text) refers to rt_memcpy_v6.o(.text) for __aeabi_memcpy
    asciilib.o(.text) refers to asciilib.o(.constdata) for .constdata
    glcd.o(.text) refers to glcd.o(.data) for .data
    glcd.o(.text) refers to asciilib.o(.text) for GetASCIICode
    glcd.o(.text) refers to lib_timer.o(.text) for enable_timer
    hzlib.o(.text) refers to rt_memcpy_v6.o(.text) for __aeabi_memcpy
    hzlib.o(.text) refers to hzlib.o(.constdata) for .constdata
    touchpanel.o(.text) refers to glcd.o(.text) for LCD_SetPoint
    touchpanel.o(.text) refers to rt_memclr_w.o(.text) for __aeabi_memclr4
    touchpanel.o(.text) refers to dflt_clz.o(x$fpl$dflt) for __aeabi_i2d
    touchpanel.o(.text) refers to deqf.o(x$fpl$deqf) for __aeabi_cdcmpeq
    touchpanel.o(.text) refers to dflt_clz.o(x$fpl$dfltu) for __aeabi_ui2d
    touchpanel.o(.text) refers to dmul.o(x$fpl$dmul) for __aeabi_dmul
    touchpanel.o(.text) refers to daddsub_clz.o(x$fpl$dadd) for __aeabi_dadd
    touchpanel.o(.text) refers to ddiv.o(x$fpl$ddiv) for __aeabi_ddiv
    touchpanel.o(.text) refers to dfixu.o(x$fpl$dfixu) for __aeabi_d2uiz
    touchpanel.o(.text) refers to touchpanel.o(.data) for .data
    touchpanel.o(.text) refers to touchpanel.o(.bss) for .bss
    irq_rit.o(.text) refers to lib_adc.o(.text) for ADC_start_conversion
    irq_rit.o(.text) refers to glcd.o(.text) for createMeal
    irq_rit.o(.text) refers to lib_timer.o(.text) for reset_timer
    irq_rit.o(.text) refers to touchpanel.o(.text) for Read_Ads7846
    irq_rit.o(.text) refers to lib_rit.o(.text) for disable_RIT
    irq_rit.o(.text) refers to glcd.o(.data) for nSatiety
    irq_rit.o(.text) refers to glcd.o(.data) for eating
    irq_rit.o(.text) refers to irq_rit.o(.data) for .data
    irq_rit.o(.text) refers to touchpanel.o(.bss) for matrix
    irq_rit.o(.text) refers to touchpanel.o(.data) for display
    irq_rit.o(.text) refers to glcd.o(.data) for cuddle
[...]
    daddsub_clz.o(x$fpl$dadd) refers to dretinf.o(x$fpl$dretinf) for __fpl_dretinf
    daddsub_clz.o(x$fpl$dadd) refers to dnaninf.o(x$fpl$dnaninf) for __fpl_dnaninf
    daddsub_clz.o(x$fpl$drsb) refers (Special) to usenofp.o(x$fpl$usenofp) for __I$use$fp
    daddsub_clz.o(x$fpl$drsb) refers to daddsub_clz.o(x$fpl$dadd) for _dadd1
    daddsub_clz.o(x$fpl$drsb) refers to daddsub_clz.o(x$fpl$dsub) for _dsub1
    daddsub_clz.o(x$fpl$dsub) refers (Special) to usenofp.o(x$fpl$usenofp) for __I$use$fp
    daddsub_clz.o(x$fpl$dsub) refers to daddsub_clz.o(x$fpl$dadd) for _dadd1
    daddsub_clz.o(x$fpl$dsub) refers to dnaninf.o(x$fpl$dnaninf) for __fpl_dnaninf
    ddiv.o(x$fpl$drdiv) refers (Special) to usenofp.o(x$fpl$usenofp) for __I$use$fp
    ddiv.o(x$fpl$drdiv) refers to ddiv.o(x$fpl$ddiv) for ddiv_entry
    ddiv.o(x$fpl$ddiv) refers (Special) to usenofp.o(x$fpl$usenofp) for __I$use$fp
    ddiv.o(x$fpl$ddiv) refers to dretinf.o(x$fpl$dretinf) for __fpl_dretinf
    ddiv.o(x$fpl$ddiv) refers to dnaninf.o(x$fpl$dnaninf) for __fpl_dnaninf
    deqf.o(x$fpl$deqf) refers (Special) to usenofp.o(x$fpl$usenofp) for __I$use$fp
    deqf.o(x$fpl$deqf) refers to dnaninf.o(x$fpl$dnaninf) for __fpl_dnaninf
    deqf.o(x$fpl$deqf) refers to dcmpi.o(x$fpl$dcmpinf) for __fpl_dcmp_Inf
    dfixu.o(x$fpl$dfixu) refers (Special) to usenofp.o(x$fpl$usenofp) for __I$use$fp
    dfixu.o(x$fpl$dfixu) refers to dnaninf.o(x$fpl$dnaninf) for __fpl_dnaninf
    dfixu.o(x$fpl$dfixur) refers (Special) to usenofp.o(x$fpl$usenofp) for __I$use$fp
    dfixu.o(x$fpl$dfixur) refers to dnaninf.o(x$fpl$dnaninf) for __fpl_dnaninf
    dflt_clz.o(x$fpl$dfltu) refers (Special) to usenofp.o(x$fpl$usenofp) for __I$use$fp
    dflt_clz.o(x$fpl$dflt) refers (Special) to usenofp.o(x$fpl$usenofp) for __I$use$fp
    dflt_clz.o(x$fpl$dfltn) refers (Special) to usenofp.o(x$fpl$usenofp) for __I$use$fp
    dmul.o(x$fpl$dmul) refers (Special) to usenofp.o(x$fpl$usenofp) for __I$use$fp
    dmul.o(x$fpl$dmul) refers to dretinf.o(x$fpl$dretinf) for __fpl_dretinf
    dmul.o(x$fpl$dmul) refers to dnaninf.o(x$fpl$dnaninf) for __fpl_dnaninf
    __rtentry.o(.ARM.Collect$$rtentry$$00000000) refers (Special) to __rtentry2.o(.ARM.Collect$$rtentry$$0000000A) for __rt_entry_li
    __rtentry.o(.ARM.Collect$$rtentry$$00000000) refers (Special) to __rtentry2.o(.ARM.Collect$$rtentry$$0000000D) for __rt_entry_main
    __rtentry.o(.ARM.Collect$$rtentry$$00000000) refers (Special) to __rtentry2.o(.ARM.Collect$$rtentry$$0000000C) for __rt_entry_postli_1
    __rtentry.o(.ARM.Collect$$rtentry$$00000000) refers (Special) to __rtentry2.o(.ARM.Collect$$rtentry$$00000009) for __rt_entry_postsh_1
    __rtentry.o(.ARM.Collect$$rtentry$$00000000) refers (Special) to __rtentry2.o(.ARM.Collect$$rtentry$$00000002) for __rt_entry_presh_1
    __rtentry.o(.ARM.Collect$$rtentry$$00000000) refers (Special) to __rtentry4.o(.ARM.Collect$$rtentry$$00000004) for __rt_entry_sh
    _printf_intcommon.o(.text) refers (Weak) to _printf_pad.o(.text) for _printf_pre_padding
    _printf_intcommon.o(.text) refers (Weak) to _printf_pad.o(.text) for _printf_pre_padding
    _printf_intcommon.o(.text) refers (Weak) to _printf_pad.o(.text) for _printf_post_padding
    _printf_char_common.o(.text) refers to __printf_flags_wp.o(.text) for __printf
    dcmpi.o(x$fpl$dcmpinf) refers (Special) to usenofp.o(x$fpl$usenofp) for __I$use$fp
    dnaninf.o(x$fpl$dnaninf) refers (Special) to usenofp.o(x$fpl$usenofp) for __I$use$fp
    dretinf.o(x$fpl$dretinf) refers (Special) to usenofp.o(x$fpl$usenofp) for __I$use$fp
    __rtentry2.o(.ARM.Collect$$rtentry$$00000008) refers to boardinit2.o(.text) for _platform_post_stackheap_init
    __rtentry2.o(.ARM.Collect$$rtentry$$0000000A) refers to libinit.o(.ARM.Collect$$libinit$$00000000) for __rt_lib_init
    __rtentry2.o(.ARM.Collect$$rtentry$$0000000B) refers to boardinit3.o(.text) for _platform_post_lib_init
    __rtentry2.o(.ARM.Collect$$rtentry$$0000000D) refers to sample.o(.text) for main
    __rtentry2.o(.ARM.Collect$$rtentry$$0000000D) refers to exit.o(.text) for exit
    __rtentry2.o(.ARM.exidx) refers to __rtentry2.o(.ARM.Collect$$rtentry$$00000001) for .ARM.Collect$$rtentry$$00000001
    __rtentry2.o(.ARM.exidx) refers to __rtentry2.o(.ARM.Collect$$rtentry$$00000008) for .ARM.Collect$$rtentry$$00000008
    __rtentry2.o(.ARM.exidx) refers to __rtentry2.o(.ARM.Collect$$rtentry$$0000000A) for .ARM.Collect$$rtentry$$0000000A
    __rtentry2.o(.ARM.exidx) refers to __rtentry2.o(.ARM.Collect$$rtentry$$0000000B) for .ARM.Collect$$rtentry$$0000000B
    __rtentry2.o(.ARM.exidx) refers to __rtentry2.o(.ARM.Collect$$rtentry$$0000000D) for .ARM.Collect$$rtentry$$0000000D
    __rtentry4.o(.ARM.Collect$$rtentry$$00000004) refers to sys_stackheap_outer.o(.text) for __user_setup_stackheap
    __rtentry4.o(.ARM.exidx) refers to __rtentry4.o(.ARM.Collect$$rtentry$$00000004) for .ARM.Collect$$rtentry$$00000004
    sys_stackheap_outer.o(.text) refers to libspace.o(.text) for __user_perproc_libspace
    sys_stackheap_outer.o(.text) refers to startup_lpc17xx.o(.text) for __user_initial_stackheap
    exit.o(.text) refers to rtexit.o(.ARM.Collect$$rtexit$$00000000) for __rt_exit
    libinit.o(.ARM.Collect$$libinit$$00000000) refers (Special) to libinit2.o(.ARM.Collect$$libinit$$0000002E) for __rt_lib_init_alloca_1
    libinit.o(.ARM.Collect$$libinit$$00000000) refers (Special) to libinit2.o(.ARM.Collect$$libinit$$0000002C) for __rt_lib_init_argv_1
    libinit.o(.ARM.Collect$$libinit$$00000000) refers (Special) to libinit2.o(.ARM.Collect$$libinit$$0000001B) for __rt_lib_init_atexit_1
    libinit.o(.ARM.Collect$$libinit$$00000000) refers (Special) to libinit2.o(.ARM.Collect$$libinit$$00000021) for __rt_lib_init_clock_1
    libinit.o(.ARM.Collect$$libinit$$00000000) refers (Special) to libinit2.o(.ARM.Collect$$libinit$$00000032) for __rt_lib_init_cpp_1
    libinit.o(.ARM.Collect$$libinit$$00000000) refers (Special) to libinit2.o(.ARM.Collect$$libinit$$00000030) for __rt_lib_init_exceptions_1
    libinit.o(.ARM.Collect$$libinit$$00000000) refers (Special) to libinit2.o(.ARM.Collect$$libinit$$00000002) for __rt_lib_init_fp_1
    libinit.o(.ARM.Collect$$libinit$$00000000) refers (Special) to libinit2.o(.ARM.Collect$$libinit$$0000001F) for __rt_lib_init_fp_trap_1
    libinit.o(.ARM.Collect$$libinit$$00000000) refers (Special) to libinit2.o(.ARM.Collect$$libinit$$00000023) for __rt_lib_init_getenv_1
    libinit.o(.ARM.Collect$$libinit$$00000000) refers (Special) to libinit2.o(.ARM.Collect$$libinit$$0000000A) for __rt_lib_init_heap_1
    libinit.o(.ARM.Collect$$libinit$$00000000) refers (Special) to libinit2.o(.ARM.Collect$$libinit$$00000011) for __rt_lib_init_lc_collate_1
    libinit.o(.ARM.Collect$$libinit$$00000000) refers (Special) to libinit2.o(.ARM.Collect$$libinit$$00000013) for __rt_lib_init_lc_ctype_1
    libinit.o(.ARM.Collect$$libinit$$00000000) refers (Special) to libinit2.o(.ARM.Collect$$libinit$$00000015) for __rt_lib_init_lc_monetary_1
    libinit.o(.ARM.Collect$$libinit$$00000000) refers (Special) to libinit2.o(.ARM.Collect$$libinit$$00000017) for __rt_lib_init_lc_numeric_1
    libinit.o(.ARM.Collect$$libinit$$00000000) refers (Special) to libinit2.o(.ARM.Collect$$libinit$$00000019) for __rt_lib_init_lc_time_1
    libinit.o(.ARM.Collect$$libinit$$00000000) refers (Special) to libinit2.o(.ARM.Collect$$libinit$$00000004) for __rt_lib_init_preinit_1
    libinit.o(.ARM.Collect$$libinit$$00000000) refers (Special) to libinit2.o(.ARM.Collect$$libinit$$0000000E) for __rt_lib_init_rand_1
    libinit.o(.ARM.Collect$$libinit$$00000000) refers (Special) to libinit2.o(.ARM.Collect$$libinit$$00000033) for __rt_lib_init_return
    libinit.o(.ARM.Collect$$libinit$$00000000) refers (Special) to libinit2.o(.ARM.Collect$$libinit$$0000001D) for __rt_lib_init_signal_1
    libinit.o(.ARM.Collect$$libinit$$00000000) refers (Special) to libinit2.o(.ARM.Collect$$libinit$$00000025) for __rt_lib_init_stdio_1
    libinit.o(.ARM.Collect$$libinit$$00000000) refers (Special) to libinit2.o(.ARM.Collect$$libinit$$0000000C) for __rt_lib_init_user_alloc_1
    libspace.o(.text) refers to libspace.o(.bss) for __libspace_start
    rtexit.o(.ARM.Collect$$rtexit$$00000000) refers (Special) to rtexit2.o(.ARM.Collect$$rtexit$$00000004) for __rt_exit_exit
    rtexit.o(.ARM.Collect$$rtexit$$00000000) refers (Special) to rtexit2.o(.ARM.Collect$$rtexit$$00000003) for __rt_exit_ls
    rtexit.o(.ARM.Collect$$rtexit$$00000000) refers (Special) to rtexit2.o(.ARM.Collect$$rtexit$$00000002) for __rt_exit_prels_1
    rtexit.o(.ARM.exidx) refers (Special) to rtexit2.o(.ARM.Collect$$rtexit$$00000004) for __rt_exit_exit
    rtexit.o(.ARM.exidx) refers (Special) to rtexit2.o(.ARM.Collect$$rtexit$$00000003) for __rt_exit_ls
    rtexit.o(.ARM.exidx) refers (Special) to rtexit2.o(.ARM.Collect$$rtexit$$00000002) for __rt_exit_prels_1
    rtexit.o(.ARM.exidx) refers to rtexit.o(.ARM.Collect$$rtexit$$00000000) for .ARM.Collect$$rtexit$$00000000
    libinit2.o(.ARM.Collect$$libinit$$00000010) refers to libinit2.o(.ARM.Collect$$libinit$$0000000F) for .ARM.Collect$$libinit$$0000000F
    libinit2.o(.ARM.Collect$$libinit$$00000012) refers to libinit2.o(.ARM.Collect$$libinit$$0000000F) for .ARM.Collect$$libinit$$0000000F
    libinit2.o(.ARM.Collect$$libinit$$00000014) refers to libinit2.o(.ARM.Collect$$libinit$$0000000F) for .ARM.Collect$$libinit$$0000000F
    libinit2.o(.ARM.Collect$$libinit$$00000016) refers to libinit2.o(.ARM.Collect$$libinit$$0000000F) for .ARM.Collect$$libinit$$0000000F
    libinit2.o(.ARM.Collect$$libinit$$00000018) refers to libinit2.o(.ARM.Collect$$libinit$$0000000F) for .ARM.Collect$$libinit$$0000000F
    libinit2.o(.ARM.Collect$$libinit$$00000026) refers to argv_veneer.o(.emb_text) for __ARM_argv_veneer
    libinit2.o(.ARM.Collect$$libinit$$00000027) refers to argv_veneer.o(.emb_text) for __ARM_argv_veneer
    rtexit2.o(.ARM.Collect$$rtexit$$00000003) refers to libshutdown.o(.ARM.Collect$$libshutdown$$00000000) for __rt_lib_shutdown
    rtexit2.o(.ARM.Collect$$rtexit$$00000004) refers to sys_exit.o(.text) for _sys_exit
    rtexit2.o(.ARM.exidx) refers to rtexit2.o(.ARM.Collect$$rtexit$$00000001) for .ARM.Collect$$rtexit$$00000001
    rtexit2.o(.ARM.exidx) refers to rtexit2.o(.ARM.Collect$$rtexit$$00000003) for .ARM.Collect$$rtexit$$00000003
    rtexit2.o(.ARM.exidx) refers to rtexit2.o(.ARM.Collect$$rtexit$$00000004) for .ARM.Collect$$rtexit$$00000004
    argv_veneer.o(.emb_text) refers to no_argv.o(.text) for __ARM_get_argv
    sys_exit.o(.text) refers (Special) to use_no_semi.o(.text) for __I$use$semihosting
    sys_exit.o(.text) refers (Special) to indicate_semi.o(.text) for __semihosting_library_function
    _get_argv_nomalloc.o(.text) refers (Special) to hrguard.o(.text) for __heap_region$guard
    _get_argv_nomalloc.o(.text) refers to defsig_rtmem_outer.o(.text) for __rt_SIGRTMEM
    _get_argv_nomalloc.o(.text) refers to sys_command.o(.text) for _sys_command_string
    libshutdown.o(.ARM.Collect$$libshutdown$$00000000) refers (Special) to libshutdown2.o(.ARM.Collect$$libshutdown$$00000004) for __rt_lib_shutdown_cpp_1
    libshutdown.o(.ARM.Collect$$libshutdown$$00000000) refers (Special) to libshutdown2.o(.ARM.Collect$$libshutdown$$00000002) for __rt_lib_shutdown_fini_1
    libshutdown.o(.ARM.Collect$$libshutdown$$00000000) refers (Special) to libshutdown2.o(.ARM.Collect$$libshutdown$$00000009) for __rt_lib_shutdown_fp_trap_1
    libshutdown.o(.ARM.Collect$$libshutdown$$00000000) refers (Special) to libshutdown2.o(.ARM.Collect$$libshutdown$$00000011) for __rt_lib_shutdown_heap_1
    libshutdown.o(.ARM.Collect$$libshutdown$$00000000) refers (Special) to libshutdown2.o(.ARM.Collect$$libshutdown$$00000012) for __rt_lib_shutdown_return
    libshutdown.o(.ARM.Collect$$libshutdown$$00000000) refers (Special) to libshutdown2.o(.ARM.Collect$$libshutdown$$0000000C) for __rt_lib_shutdown_signal_1
    libshutdown.o(.ARM.Collect$$libshutdown$$00000000) refers (Special) to libshutdown2.o(.ARM.Collect$$libshutdown$$00000006) for __rt_lib_shutdown_stdio_1
    libshutdown.o(.ARM.Collect$$libshutdown$$00000000) refers (Special) to libshutdown2.o(.ARM.Collect$$libshutdown$$0000000E) for __rt_lib_shutdown_user_alloc_1
    sys_command.o(.text) refers (Special) to use_no_semi.o(.text) for __I$use$semihosting
    sys_command.o(.text) refers (Special) to indicate_semi.o(.text) for __semihosting_library_function
    defsig_rtmem_outer.o(.text) refers to defsig_rtmem_inner.o(.text) for __rt_SIGRTMEM_inner
    defsig_rtmem_outer.o(.text) refers to defsig_exit.o(.text) for __sig_exit
    defsig_rtmem_formal.o(.text) refers to rt_raise.o(.text) for __rt_raise
    rt_raise.o(.text) refers to __raise.o(.text) for __raise
    rt_raise.o(.text) refers to sys_exit.o(.text) for _sys_exit
    defsig_exit.o(.text) refers to sys_exit.o(.text) for _sys_exit
    defsig_rtmem_inner.o(.text) refers to defsig_general.o(.text) for __default_signal_display
    __raise.o(.text) refers to defsig.o(CL$$defsig) for __default_signal_handler
    defsig_general.o(.text) refers to sys_wrch.o(.text) for _ttywrch
    sys_wrch.o(.text) refers (Special) to use_no_semi.o(.text) for __I$use$semihosting
    sys_wrch.o(.text) refers (Special) to indicate_semi.o(.text) for __semihosting_library_function
    defsig.o(CL$$defsig) refers to defsig_rtmem_inner.o(.text) for __rt_SIGRTMEM_inner
    defsig_abrt_inner.o(.text) refers to defsig_general.o(.text) for __default_signal_display
    defsig_fpe_inner.o(.text) refers to defsig_general.o(.text) for __default_signal_display
    defsig_rtred_inner.o(.text) refers to defsig_general.o(.text) for __default_signal_display
    defsig_stak_inner.o(.text) refers to defsig_general.o(.text) for __default_signal_display
    defsig_pvfn_inner.o(.text) refers to defsig_general.o(.text) for __default_signal_display
    defsig_cppl_inner.o(.text) refers to defsig_general.o(.text) for __default_signal_display
    defsig_segv_inner.o(.text) refers to defsig_general.o(.text) for __default_signal_display
    defsig_other.o(.text) refers to defsig_general.o(.text) for __default_signal_display


==============================================================================

Removing Unused input sections from the image.

    Removing sample.o(.rev16_text), (4 bytes).
    Removing sample.o(.revsh_text), (4 bytes).
    Removing sample.o(.rrx_text), (6 bytes).
    Removing core_cm3.o(.emb_text), (32 bytes).
    Removing system_lpc17xx.o(.rev16_text), (4 bytes).
    Removing system_lpc17xx.o(.revsh_text), (4 bytes).
    Removing system_lpc17xx.o(.rrx_text), (6 bytes).
    Removing irq_timer.o(.rev16_text), (4 bytes).
    Removing irq_timer.o(.revsh_text), (4 bytes).
    Removing irq_timer.o(.rrx_text), (6 bytes).
    Removing irq_timer.o(.constdata), (32 bytes).
    Removing lib_timer.o(.rev16_text), (4 bytes).
    Removing lib_timer.o(.revsh_text), (4 bytes).
    Removing lib_timer.o(.rrx_text), (6 bytes).
    Removing glcd.o(.rev16_text), (4 bytes).
    Removing glcd.o(.revsh_text), (4 bytes).
    Removing glcd.o(.rrx_text), (6 bytes).
    Removing hzlib.o(.text), (36 bytes).
    Removing hzlib.o(.constdata), (216576 bytes).
    Removing touchpanel.o(.rev16_text), (4 bytes).
    Removing touchpanel.o(.revsh_text), (4 bytes).
    Removing touchpanel.o(.rrx_text), (6 bytes).
    Removing irq_rit.o(.rev16_text), (4 bytes).
    Removing irq_rit.o(.revsh_text), (4 bytes).
    Removing irq_rit.o(.rrx_text), (6 bytes).
    Removing irq_rit.o(.constdata), (32 bytes).
    Removing lib_rit.o(.rev16_text), (4 bytes).
    Removing lib_rit.o(.revsh_text), (4 bytes).
    Removing lib_rit.o(.rrx_text), (6 bytes).
    Removing funct_joystick.o(.rev16_text), (4 bytes).
    Removing funct_joystick.o(.revsh_text), (4 bytes).
    Removing funct_joystick.o(.rrx_text), (6 bytes).
    Removing funct_joystick.o(.text), (4 bytes).
    Removing lib_joystick.o(.rev16_text), (4 bytes).
    Removing lib_joystick.o(.revsh_text), (4 bytes).
    Removing lib_joystick.o(.rrx_text), (6 bytes).
    Removing funct_led.o(.rev16_text), (4 bytes).
    Removing funct_led.o(.revsh_text), (4 bytes).
    Removing funct_led.o(.rrx_text), (6 bytes).
    Removing funct_led.o(.text), (100 bytes).
    Removing funct_led.o(.constdata), (32 bytes).
    Removing lib_led.o(.rev16_text), (4 bytes).
    Removing lib_led.o(.revsh_text), (4 bytes).
    Removing lib_led.o(.rrx_text), (6 bytes).
    Removing lib_led.o(.text), (56 bytes).
    Removing lib_led.o(.data), (1 bytes).
    Removing irq_button.o(.rev16_text), (4 bytes).
    Removing irq_button.o(.revsh_text), (4 bytes).
    Removing irq_button.o(.rrx_text), (6 bytes).
    Removing lib_button.o(.rev16_text), (4 bytes).
    Removing lib_button.o(.revsh_text), (4 bytes).
    Removing lib_button.o(.rrx_text), (6 bytes).
    Removing irq_adc.o(.rev16_text), (4 bytes).
    Removing irq_adc.o(.revsh_text), (4 bytes).
    Removing irq_adc.o(.rrx_text), (6 bytes).
    Removing irq_adc.o(.constdata), (32 bytes).
    Removing lib_adc.o(.rev16_text), (4 bytes).
    Removing lib_adc.o(.revsh_text), (4 bytes).
    Removing lib_adc.o(.rrx_text), (6 bytes).

59 unused section(s) (total 217157 bytes) removed from the image.

==============================================================================

Image Symbol Table

    Local Symbols

    Symbol Name                              Value     Ov Type        Size  Object(Section)

    RESET                                    0x00000000   Section      204  startup_lpc17xx.o(RESET)
    ../clib/angel/boardlib.s                 0x00000000   Number         0  boardinit1.o ABSOLUTE
    ../clib/angel/boardlib.s                 0x00000000   Number         0  boardinit3.o ABSOLUTE
    ../clib/angel/boardlib.s                 0x00000000   Number         0  boardshut.o ABSOLUTE
    ../clib/angel/boardlib.s                 0x00000000   Number         0  boardinit2.o ABSOLUTE
    ../clib/angel/handlers.s                 0x00000000   Number         0  __scatter_copy.o ABSOLUTE
    ../clib/angel/handlers.s                 0x00000000   Number         0  __scatter_zi.o ABSOLUTE
    ../clib/angel/kernel.s                   0x00000000   Number         0  rtexit.o ABSOLUTE
    ../clib/angel/kernel.s                   0x00000000   Number         0  __rtentry2.o ABSOLUTE
    ../clib/angel/kernel.s                   0x00000000   Number         0  __rtentry4.o ABSOLUTE
    ../clib/angel/kernel.s                   0x00000000   Number         0  rtexit2.o ABSOLUTE
    ../clib/angel/kernel.s                   0x00000000   Number         0  __rtentry.o ABSOLUTE
    ../clib/angel/rt.s                       0x00000000   Number         0  rt_raise.o ABSOLUTE
    ../clib/angel/scatter.s                  0x00000000   Number         0  __scatter.o ABSOLUTE
    ../clib/angel/startup.s                  0x00000000   Number         0  __main.o ABSOLUTE
    ../clib/angel/sys.s                      0x00000000   Number         0  sys_stackheap_outer.o ABSOLUTE
    ../clib/angel/sys.s                      0x00000000   Number         0  libspace.o ABSOLUTE
    ../clib/angel/sys.s                      0x00000000   Number         0  use_no_semi.o ABSOLUTE
    ../clib/angel/sys.s                      0x00000000   Number         0  indicate_semi.o ABSOLUTE
    ../clib/angel/sysapp.c                   0x00000000   Number         0  sys_wrch.o ABSOLUTE
    ../clib/angel/sysapp.c                   0x00000000   Number         0  sys_exit.o ABSOLUTE
    ../clib/angel/sysapp.c                   0x00000000   Number         0  sys_command.o ABSOLUTE
    ../clib/armsys.c                         0x00000000   Number         0  argv_veneer.o ABSOLUTE
    ../clib/armsys.c                         0x00000000   Number         0  argv_veneer.o ABSOLUTE
    ../clib/armsys.c                         0x00000000   Number         0  no_argv.o ABSOLUTE
    ../clib/armsys.c                         0x00000000   Number         0  _get_argv_nomalloc.o ABSOLUTE
    ../clib/heapalloc.c                      0x00000000   Number         0  hrguard.o ABSOLUTE
    ../clib/heapaux.c                        0x00000000   Number         0  heapauxi.o ABSOLUTE
    ../clib/libinit.s                        0x00000000   Number         0  libshutdown2.o ABSOLUTE
    ../clib/libinit.s                        0x00000000   Number         0  libinit.o ABSOLUTE
    ../clib/libinit.s                        0x00000000   Number         0  libinit2.o ABSOLUTE
    ../clib/libinit.s                        0x00000000   Number         0  libshutdown.o ABSOLUTE
    ../clib/memcpset.s                       0x00000000   Number         0  rt_memcpy_w.o ABSOLUTE
    ../clib/memcpset.s                       0x00000000   Number         0  rt_memclr_w.o ABSOLUTE
    ../clib/memcpset.s                       0x00000000   Number         0  rt_memcpy_v6.o ABSOLUTE
    ../clib/misc.s                           0x00000000   Number         0  printf_stubs.o ABSOLUTE
    ../clib/printf.c                         0x00000000   Number         0  __2sprintf.o ABSOLUTE
    ../clib/printf.c                         0x00000000   Number         0  __printf_ss.o ABSOLUTE
    ../clib/printf.c                         0x00000000   Number         0  __printf_flags.o ABSOLUTE
    ../clib/printf.c                         0x00000000   Number         0  _sputc.o ABSOLUTE
    ../clib/printf.c                         0x00000000   Number         0  _printf_dec.o ABSOLUTE
    ../clib/printf.c                         0x00000000   Number         0  __printf_flags_wp.o ABSOLUTE
    ../clib/printf.c                         0x00000000   Number         0  _printf_intcommon.o ABSOLUTE
    ../clib/printf.c                         0x00000000   Number         0  __printf_wp.o ABSOLUTE
    ../clib/printf.c                         0x00000000   Number         0  __printf_flags_ss.o ABSOLUTE
    ../clib/printf.c                         0x00000000   Number         0  __printf_nopercent.o ABSOLUTE
    ../clib/printf.c                         0x00000000   Number         0  __printf_flags_ss_wp.o ABSOLUTE
    ../clib/printf.c                         0x00000000   Number         0  _printf_char_common.o ABSOLUTE
    ../clib/printf.c                         0x00000000   Number         0  noretval__2sprintf.o ABSOLUTE
    ../clib/printf.c                         0x00000000   Number         0  __printf_ss_wp.o ABSOLUTE
    ../clib/printf.c                         0x00000000   Number         0  _printf_pad.o ABSOLUTE
    ../clib/printf.c                         0x00000000   Number         0  __printf.o ABSOLUTE
    ../clib/printf_percent.s                 0x00000000   Number         0  _printf_percent_end.o ABSOLUTE
    ../clib/printf_percent.s                 0x00000000   Number         0  _printf_d.o ABSOLUTE
    ../clib/printf_percent.s                 0x00000000   Number         0  _printf_percent.o ABSOLUTE
    ../clib/signal.c                         0x00000000   Number         0  defsig_other.o ABSOLUTE
    ../clib/signal.c                         0x00000000   Number         0  defsig_segv_inner.o ABSOLUTE
    ../clib/signal.c                         0x00000000   Number         0  defsig_cppl_inner.o ABSOLUTE
    ../clib/signal.c                         0x00000000   Number         0  defsig_pvfn_inner.o ABSOLUTE
    ../clib/signal.c                         0x00000000   Number         0  defsig_rtred_inner.o ABSOLUTE
    ../clib/signal.c                         0x00000000   Number         0  defsig_fpe_inner.o ABSOLUTE
    ../clib/signal.c                         0x00000000   Number         0  defsig_abrt_inner.o ABSOLUTE
    ../clib/signal.c                         0x00000000   Number         0  defsig_general.o ABSOLUTE
    ../clib/signal.c                         0x00000000   Number         0  __raise.o ABSOLUTE
    ../clib/signal.c                         0x00000000   Number         0  defsig_rtmem_inner.o ABSOLUTE
    ../clib/signal.c                         0x00000000   Number         0  defsig_exit.o ABSOLUTE
    ../clib/signal.c                         0x00000000   Number         0  defsig_rtmem_outer.o ABSOLUTE
    ../clib/signal.c                         0x00000000   Number         0  defsig_rtmem_formal.o ABSOLUTE
    ../clib/signal.c                         0x00000000   Number         0  defsig_stak_inner.o ABSOLUTE
    ../clib/signal.s                         0x00000000   Number         0  defsig.o ABSOLUTE
    ../clib/stdlib.c                         0x00000000   Number         0  exit.o ABSOLUTE
    ../fplib/daddsub.s                       0x00000000   Number         0  daddsub_clz.o ABSOLUTE
    ../fplib/dcmpi.s                         0x00000000   Number         0  dcmpi.o ABSOLUTE
    ../fplib/ddiv.s                          0x00000000   Number         0  ddiv.o ABSOLUTE
    ../fplib/deqf.s                          0x00000000   Number         0  deqf.o ABSOLUTE
    ../fplib/dfixu.s                         0x00000000   Number         0  dfixu.o ABSOLUTE
    ../fplib/dflt.s                          0x00000000   Number         0  dflt_clz.o ABSOLUTE
    ../fplib/dmul.s                          0x00000000   Number         0  dmul.o ABSOLUTE
    ../fplib/dnaninf.s                       0x00000000   Number         0  dnaninf.o ABSOLUTE
    ../fplib/dretinf.s                       0x00000000   Number         0  dretinf.o ABSOLUTE
    ../fplib/fpinit.s                        0x00000000   Number         0  fpinit.o ABSOLUTE
    ../fplib/usenofp.s                       0x00000000   Number         0  usenofp.o ABSOLUTE
    GLCD\AsciiLib.c                          0x00000000   Number         0  asciilib.o ABSOLUTE
    GLCD\GLCD.c                              0x00000000   Number         0  glcd.o ABSOLUTE
    GLCD\HzLib.c                             0x00000000   Number         0  hzlib.o ABSOLUTE
    GLCD\\GLCD.c                             0x00000000   Number         0  glcd.o ABSOLUTE
    RIT\IRQ_RIT.c                            0x00000000   Number         0  irq_rit.o ABSOLUTE
    RIT\\IRQ_RIT.c                           0x00000000   Number         0  irq_rit.o ABSOLUTE
    RIT\\lib_RIT.c                           0x00000000   Number         0  lib_rit.o ABSOLUTE
    RIT\lib_RIT.c                            0x00000000   Number         0  lib_rit.o ABSOLUTE
    TouchPanel\TouchPanel.c                  0x00000000   Number         0  touchpanel.o ABSOLUTE
    TouchPanel\\TouchPanel.c                 0x00000000   Number         0  touchpanel.o ABSOLUTE
    adc\IRQ_adc.c                            0x00000000   Number         0  irq_adc.o ABSOLUTE
    adc\\IRQ_adc.c                           0x00000000   Number         0  irq_adc.o ABSOLUTE
    adc\\lib_adc.c                           0x00000000   Number         0  lib_adc.o ABSOLUTE
    adc\lib_adc.c                            0x00000000   Number         0  lib_adc.o ABSOLUTE
    button_EXINT\IRQ_button.c                0x00000000   Number         0  irq_button.o ABSOLUTE
    button_EXINT\\IRQ_button.c               0x00000000   Number         0  irq_button.o ABSOLUTE
    button_EXINT\\lib_button.c               0x00000000   Number         0  lib_button.o ABSOLUTE
    button_EXINT\lib_button.c                0x00000000   Number         0  lib_button.o ABSOLUTE
    core_cm3.c                               0x00000000   Number         0  core_cm3.o ABSOLUTE
    core_cm3.c                               0x00000000   Number         0  core_cm3.o ABSOLUTE
    dc.s                                     0x00000000   Number         0  dc.o ABSOLUTE
    joystick\\funct_joystick.c               0x00000000   Number         0  funct_joystick.o ABSOLUTE
    joystick\\lib_joystick.c                 0x00000000   Number         0  lib_joystick.o ABSOLUTE
    joystick\funct_joystick.c                0x00000000   Number         0  funct_joystick.o ABSOLUTE
    joystick\lib_joystick.c                  0x00000000   Number         0  lib_joystick.o ABSOLUTE
    led\\funct_led.c                         0x00000000   Number         0  funct_led.o ABSOLUTE
    led\\lib_led.c                           0x00000000   Number         0  lib_led.o ABSOLUTE
    led\funct_led.c                          0x00000000   Number         0  funct_led.o ABSOLUTE
    led\lib_led.c                            0x00000000   Number         0  lib_led.o ABSOLUTE
    sample.c                                 0x00000000   Number         0  sample.o ABSOLUTE
    sample.c                                 0x00000000   Number         0  sample.o ABSOLUTE
    startup_LPC17xx.s                        0x00000000   Number         0  startup_lpc17xx.o ABSOLUTE
    system_LPC17xx.c                         0x00000000   Number         0  system_lpc17xx.o ABSOLUTE
    system_LPC17xx.c                         0x00000000   Number         0  system_lpc17xx.o ABSOLUTE
    timer\IRQ_timer.c                        0x00000000   Number         0  irq_timer.o ABSOLUTE
    timer\\IRQ_timer.c                       0x00000000   Number         0  irq_timer.o ABSOLUTE
    timer\\lib_timer.c                       0x00000000   Number         0  lib_timer.o ABSOLUTE
    timer\lib_timer.c                        0x00000000   Number         0  lib_timer.o ABSOLUTE
    !!!main                                  0x000000cc   Section        8  __main.o(!!!main)
    !!!scatter                               0x000000d4   Section       52  __scatter.o(!!!scatter)
    !!handler_copy                           0x00000108   Section       26  __scatter_copy.o(!!handler_copy)
    !!handler_zi                             0x00000124   Section       28  __scatter_zi.o(!!handler_zi)
    .ARM.Collect$$_printf_percent$$00000000  0x00000140   Section        0  _printf_percent.o(.ARM.Collect$$_printf_percent$$00000000)
    .ARM.Collect$$_printf_percent$$00000009  0x00000140   Section        6  _printf_d.o(.ARM.Collect$$_printf_percent$$00000009)
    .ARM.Collect$$_printf_percent$$00000017  0x00000146   Section        4  _printf_percent_end.o(.ARM.Collect$$_printf_percent$$00000017)
    .ARM.Collect$$libinit$$00000000          0x0000014a   Section        2  libinit.o(.ARM.Collect$$libinit$$00000000)
    .ARM.Collect$$libinit$$00000002          0x0000014c   Section        0  libinit2.o(.ARM.Collect$$libinit$$00000002)
    .ARM.Collect$$libinit$$00000004          0x0000014c   Section        0  libinit2.o(.ARM.Collect$$libinit$$00000004)
    .ARM.Collect$$libinit$$0000000A          0x0000014c   Section        0  libinit2.o(.ARM.Collect$$libinit$$0000000A)
    .ARM.Collect$$libinit$$0000000C          0x0000014c   Section        0  libinit2.o(.ARM.Collect$$libinit$$0000000C)
    .ARM.Collect$$libinit$$0000000E          0x0000014c   Section        0  libinit2.o(.ARM.Collect$$libinit$$0000000E)
    .ARM.Collect$$libinit$$00000011          0x0000014c   Section        0  libinit2.o(.ARM.Collect$$libinit$$00000011)
    .ARM.Collect$$libinit$$00000013          0x0000014c   Section        0  libinit2.o(.ARM.Collect$$libinit$$00000013)
    .ARM.Collect$$libinit$$00000015          0x0000014c   Section        0  libinit2.o(.ARM.Collect$$libinit$$00000015)
    .ARM.Collect$$libinit$$00000017          0x0000014c   Section        0  libinit2.o(.ARM.Collect$$libinit$$00000017)
    .ARM.Collect$$libinit$$00000019          0x0000014c   Section        0  libinit2.o(.ARM.Collect$$libinit$$00000019)
    .ARM.Collect$$libinit$$0000001B          0x0000014c   Section        0  libinit2.o(.ARM.Collect$$libinit$$0000001B)
    .ARM.Collect$$libinit$$0000001D          0x0000014c   Section        0  libinit2.o(.ARM.Collect$$libinit$$0000001D)
    .ARM.Collect$$libinit$$0000001F          0x0000014c   Section        0  libinit2.o(.ARM.Collect$$libinit$$0000001F)
    .ARM.Collect$$libinit$$00000021          0x0000014c   Section        0  libinit2.o(.ARM.Collect$$libinit$$00000021)
    .ARM.Collect$$libinit$$00000023          0x0000014c   Section        0  libinit2.o(.ARM.Collect$$libinit$$00000023)
    .ARM.Collect$$libinit$$00000025          0x0000014c   Section        0  libinit2.o(.ARM.Collect$$libinit$$00000025)
    .ARM.Collect$$libinit$$0000002C          0x0000014c   Section        0  libinit2.o(.ARM.Collect$$libinit$$0000002C)
    .ARM.Collect$$libinit$$0000002E          0x0000014c   Section        0  libinit2.o(.ARM.Collect$$libinit$$0000002E)
    .ARM.Collect$$libinit$$00000030          0x0000014c   Section        0  libinit2.o(.ARM.Collect$$libinit$$00000030)
    .ARM.Collect$$libinit$$00000032          0x0000014c   Section        0  libinit2.o(.ARM.Collect$$libinit$$00000032)
    .ARM.Collect$$libinit$$00000033          0x0000014c   Section        2  libinit2.o(.ARM.Collect$$libinit$$00000033)
    .ARM.Collect$$libshutdown$$00000000      0x0000014e   Section        2  libshutdown.o(.ARM.Collect$$libshutdown$$00000000)
    .ARM.Collect$$libshutdown$$00000002      0x00000150   Section        0  libshutdown2.o(.ARM.Collect$$libshutdown$$00000002)
    .ARM.Collect$$libshutdown$$00000004      0x00000150   Section        0  libshutdown2.o(.ARM.Collect$$libshutdown$$00000004)
    .ARM.Collect$$libshutdown$$00000006      0x00000150   Section        0  libshutdown2.o(.ARM.Collect$$libshutdown$$00000006)
    .ARM.Collect$$libshutdown$$00000009      0x00000150   Section        0  libshutdown2.o(.ARM.Collect$$libshutdown$$00000009)
    .ARM.Collect$$libshutdown$$0000000C      0x00000150   Section        0  libshutdown2.o(.ARM.Collect$$libshutdown$$0000000C)
    .ARM.Collect$$libshutdown$$0000000E      0x00000150   Section        0  libshutdown2.o(.ARM.Collect$$libshutdown$$0000000E)
    .ARM.Collect$$libshutdown$$00000011      0x00000150   Section        0  libshutdown2.o(.ARM.Collect$$libshutdown$$00000011)
    .ARM.Collect$$libshutdown$$00000012      0x00000150   Section        2  libshutdown2.o(.ARM.Collect$$libshutdown$$00000012)
    .ARM.Collect$$rtentry$$00000000          0x00000152   Section        0  __rtentry.o(.ARM.Collect$$rtentry$$00000000)
    .ARM.Collect$$rtentry$$00000002          0x00000152   Section        0  __rtentry2.o(.ARM.Collect$$rtentry$$00000002)
    .ARM.Collect$$rtentry$$00000004          0x00000152   Section        6  __rtentry4.o(.ARM.Collect$$rtentry$$00000004)
    .ARM.Collect$$rtentry$$00000009          0x00000158   Section        0  __rtentry2.o(.ARM.Collect$$rtentry$$00000009)
    .ARM.Collect$$rtentry$$0000000A          0x00000158   Section        4  __rtentry2.o(.ARM.Collect$$rtentry$$0000000A)
    .ARM.Collect$$rtentry$$0000000C          0x0000015c   Section        0  __rtentry2.o(.ARM.Collect$$rtentry$$0000000C)
    .ARM.Collect$$rtentry$$0000000D          0x0000015c   Section        8  __rtentry2.o(.ARM.Collect$$rtentry$$0000000D)
    .ARM.Collect$$rtexit$$00000000           0x00000164   Section        2  rtexit.o(.ARM.Collect$$rtexit$$00000000)
    .ARM.Collect$$rtexit$$00000002           0x00000166   Section        0  rtexit2.o(.ARM.Collect$$rtexit$$00000002)
    .ARM.Collect$$rtexit$$00000003           0x00000166   Section        4  rtexit2.o(.ARM.Collect$$rtexit$$00000003)
    .ARM.Collect$$rtexit$$00000004           0x0000016a   Section        6  rtexit2.o(.ARM.Collect$$rtexit$$00000004)
    .text                                    0x00000170   Section       52  startup_lpc17xx.o(.text)
    .text                                    0x000001a4   Section        0  sample.o(.text)
    .text                                    0x00000284   Section        0  asciilib.o(.text)
    .text                                    0x00000298   Section        0  lib_rit.o(.text)
    .ARM.__at_0x02FC                         0x000002fc   Section        4  startup_lpc17xx.o(.ARM.__at_0x02FC)
    .text                                    0x00000300   Section        0  system_lpc17xx.o(.text)
    .text                                    0x000004ac   Section        0  irq_timer.o(.text)
    .text                                    0x00000b64   Section        0  lib_timer.o(.text)
    __NVIC_EnableIRQ                         0x00000d51   Thumb Code    26  lib_timer.o(.text)
    __NVIC_SetPriority                       0x00000d6b   Thumb Code    32  lib_timer.o(.text)
    .text                                    0x00000d98   Section        0  glcd.o(.text)
    LCD_Configuration                        0x00000d99   Thumb Code    18  glcd.o(.text)
    wait_delay                               0x00000dab   Thumb Code     8  glcd.o(.text)
    LCD_SetCursor                            0x00000db3   Thumb Code  1082  glcd.o(.text)
    delay_ms                                 0x000011ed   Thumb Code    28  glcd.o(.text)
    LCD_BGR2RGB                              0x00002ff3   Thumb Code    18  glcd.o(.text)
    .text                                    0x000055d8   Section        0  touchpanel.o(.text)
    ADS7843_SPI_Init                         0x000055e9   Thumb Code    86  touchpanel.o(.text)
    DelayUS                                  0x00005653   Thumb Code    20  touchpanel.o(.text)
    WR_CMD                                   0x00005667   Thumb Code    28  touchpanel.o(.text)
    RD_AD                                    0x00005683   Thumb Code    34  touchpanel.o(.text)
    .text                                    0x00005d70   Section        0  irq_rit.o(.text)
    .text                                    0x00006058   Section        0  lib_joystick.o(.text)
    .text                                    0x00006098   Section        0  irq_button.o(.text)
    .text                                    0x000060e4   Section        0  lib_button.o(.text)
    __NVIC_EnableIRQ                         0x0000614f   Thumb Code    26  lib_button.o(.text)
    __NVIC_SetPriority                       0x00006169   Thumb Code    32  lib_button.o(.text)
    .text                                    0x00006194   Section        0  irq_adc.o(.text)
    .text                                    0x0000621c   Section        0  lib_adc.o(.text)
    .text                                    0x00006264   Section        0  noretval__2sprintf.o(.text)
    .text                                    0x0000628c   Section        0  _printf_pad.o(.text)
    .text                                    0x000062dc   Section        0  _printf_dec.o(.text)
    .text                                    0x00006354   Section        0  __printf_flags_wp.o(.text)
    .text                                    0x0000648c   Section      138  rt_memcpy_v6.o(.text)
    .text                                    0x00006516   Section       78  rt_memclr_w.o(.text)
    .text                                    0x00006564   Section        0  heapauxi.o(.text)
    .text                                    0x0000656a   Section        0  _printf_intcommon.o(.text)
    .text                                    0x0000661c   Section        0  _printf_char_common.o(.text)
    _printf_input_char                       0x0000661d   Thumb Code    10  _printf_char_common.o(.text)
    .text                                    0x0000664c   Section        0  _sputc.o(.text)
    .text                                    0x00006656   Section      100  rt_memcpy_w.o(.text)
    .text                                    0x000066ba   Section       74  sys_stackheap_outer.o(.text)
    .text                                    0x00006704   Section        0  exit.o(.text)
    .text                                    0x00006718   Section        8  libspace.o(.text)
    .text                                    0x00006720   Section        0  sys_exit.o(.text)
    .text                                    0x0000672c   Section        2  use_no_semi.o(.text)
    .text                                    0x0000672e   Section        0  indicate_semi.o(.text)
    i._is_digit                              0x0000672e   Section        0  __printf_wp.o(i._is_digit)
    x$fpl$dadd                               0x0000673c   Section      336  daddsub_clz.o(x$fpl$dadd)
    _dadd1                                   0x0000674d   Thumb Code     0  daddsub_clz.o(x$fpl$dadd)
    x$fpl$dcmpinf                            0x0000688c   Section       24  dcmpi.o(x$fpl$dcmpinf)
    x$fpl$ddiv                               0x000068a4   Section      688  ddiv.o(x$fpl$ddiv)
    ddiv_entry                               0x000068ab   Thumb Code     0  ddiv.o(x$fpl$ddiv)
    x$fpl$deqf                               0x00006b54   Section      120  deqf.o(x$fpl$deqf)
    x$fpl$dfixu                              0x00006bcc   Section       90  dfixu.o(x$fpl$dfixu)
    x$fpl$dflt                               0x00006c26   Section       46  dflt_clz.o(x$fpl$dflt)
    x$fpl$dfltu                              0x00006c54   Section       38  dflt_clz.o(x$fpl$dfltu)
    x$fpl$dmul                               0x00006c7c   Section      340  dmul.o(x$fpl$dmul)
    x$fpl$dnaninf                            0x00006dd0   Section      156  dnaninf.o(x$fpl$dnaninf)
    x$fpl$dretinf                            0x00006e6c   Section       12  dretinf.o(x$fpl$dretinf)
    x$fpl$dsub                               0x00006e78   Section      468  daddsub_clz.o(x$fpl$dsub)
    _dsub1                                   0x00006e89   Thumb Code     0  daddsub_clz.o(x$fpl$dsub)
    .constdata                               0x0000704c   Section     1520  asciilib.o(.constdata)
    x$fpl$usenofp                            0x0000704c   Section        0  usenofp.o(x$fpl$usenofp)
    AsciiLib                                 0x0000704c   Data        1520  asciilib.o(.constdata)
    .constdata                               0x0000763c   Section       17  __printf_flags_wp.o(.constdata)
    maptable                                 0x0000763c   Data          17  __printf_flags_wp.o(.constdata)
    STACK                                    0x10000000   Section      512  startup_lpc17xx.o(STACK)
    Stack_Mem                                0x10000000   Data         512  startup_lpc17xx.o(STACK)
    __initial_sp                             0x10000200   Data           0  startup_lpc17xx.o(STACK)
    .data                                    0x2007c000   Section        8  system_lpc17xx.o(.data)
    .data                                    0x2007c008   Section      122  irq_timer.o(.data)
    ticks                                    0x2007c00c   Data           4  irq_timer.o(.data)
    count                                    0x2007c010   Data           4  irq_timer.o(.data)
    countExit                                0x2007c014   Data           4  irq_timer.o(.data)
    countEeat                                0x2007c018   Data           4  irq_timer.o(.data)
    countCudd                                0x2007c01c   Data           4  irq_timer.o(.data)
    val                                      0x2007c020   Data           8  irq_timer.o(.data)
    .data                                    0x2007c084   Section       28  glcd.o(.data)
    LCD_Code                                 0x2007c084   Data           1  glcd.o(.data)
    back_color                               0x2007c086   Data           2  glcd.o(.data)
    .data                                    0x2007c0a0   Section        4  glcd.o(.data)
    .data                                    0x2007c0a4   Section        4  glcd.o(.data)
    .data                                    0x2007c0a8   Section       16  touchpanel.o(.data)
    screen                                   0x2007c0a8   Data           4  touchpanel.o(.data)
    .data                                    0x2007c0b8   Section        4  touchpanel.o(.data)
    .data                                    0x2007c0bc   Section       28  irq_rit.o(.data)
    j_select                                 0x2007c0c4   Data           4  irq_rit.o(.data)
    j_down                                   0x2007c0c8   Data           4  irq_rit.o(.data)
    j_left                                   0x2007c0cc   Data           4  irq_rit.o(.data)
    j_right                                  0x2007c0d0   Data           4  irq_rit.o(.data)
    j_up                                     0x2007c0d4   Data           4  irq_rit.o(.data)
    .data                                    0x2007c0d8   Section       16  irq_adc.o(.data)
    .bss                                     0x2007c0e8   Section       68  touchpanel.o(.bss)
    .bss                                     0x2007c12c   Section       96  libspace.o(.bss)
    HEAP                                     0x2007c190   Section        0  startup_lpc17xx.o(HEAP)
    Heap_Mem                                 0x2007c190   Data           0  startup_lpc17xx.o(HEAP)

    Global Symbols

    Symbol Name                              Value     Ov Type        Size  Object(Section)

    BuildAttributes$$THM_ISAv4$P$D$K$B$S$PE$A:L22UL41UL21$X:L11$S22US41US21$IEEE1$IW$USESV6$~STKCKD$USESV7$~SHL$OSPACE$ROPI$EBA8$UX$STANDARDLIB$REQ8$PRES8$EABIv2 0x00000000   Number         0  anon$$obj.o ABSOLUTE
    __ARM_use_no_argv                        0x00000000   Number         0  sample.o ABSOLUTE
    __Vectors                                0x00000000   Data           4  startup_lpc17xx.o(RESET)
    _printf_flags                            0x00000000   Number         0  printf_stubs.o ABSOLUTE
    _printf_return_value                     0x00000000   Number         0  printf_stubs.o ABSOLUTE
    _printf_sizespec                         0x00000000   Number         0  printf_stubs.o ABSOLUTE
    _printf_widthprec                        0x00000000   Number         0  printf_stubs.o ABSOLUTE
    __ARM_exceptions_init                     - Undefined Weak Reference
    __alloca_initialize                       - Undefined Weak Reference
    __arm_fini_                               - Undefined Weak Reference
    __arm_preinit_                            - Undefined Weak Reference
    __cpp_initialize__aeabi_                  - Undefined Weak Reference
    __cxa_finalize                            - Undefined Weak Reference
    __rt_locale                               - Undefined Weak Reference
    __sigvec_lookup                           - Undefined Weak Reference
    _atexit_init                              - Undefined Weak Reference
    _call_atexit_fns                          - Undefined Weak Reference
    _clock_init                               - Undefined Weak Reference
    _fp_trap_init                             - Undefined Weak Reference
    _fp_trap_shutdown                         - Undefined Weak Reference
    _get_lc_collate                           - Undefined Weak Reference
    _get_lc_ctype                             - Undefined Weak Reference
    _get_lc_monetary                          - Undefined Weak Reference
    _get_lc_numeric                           - Undefined Weak Reference
    _get_lc_time                              - Undefined Weak Reference
    _getenv_init                              - Undefined Weak Reference
    _handle_redirection                       - Undefined Weak Reference
    _init_alloc                               - Undefined Weak Reference
    _init_user_alloc                          - Undefined Weak Reference
    _initio                                   - Undefined Weak Reference
    _printf_truncate_signed                   - Undefined Weak Reference
    _printf_truncate_unsigned                 - Undefined Weak Reference
    _rand_init                                - Undefined Weak Reference
    _signal_finish                            - Undefined Weak Reference
    _signal_init                              - Undefined Weak Reference
    _terminate_alloc                          - Undefined Weak Reference
    _terminate_user_alloc                     - Undefined Weak Reference
    _terminateio                              - Undefined Weak Reference
    __main                                   0x000000cd   Thumb Code     8  __main.o(!!!main)
    __scatterload                            0x000000d5   Thumb Code     0  __scatter.o(!!!scatter)
    __scatterload_rt2                        0x000000d5   Thumb Code    44  __scatter.o(!!!scatter)
    __scatterload_rt2_thumb_only             0x000000d5   Thumb Code     0  __scatter.o(!!!scatter)
    __scatterload_null                       0x000000e3   Thumb Code     0  __scatter.o(!!!scatter)
    __scatterload_copy                       0x00000109   Thumb Code    26  __scatter_copy.o(!!handler_copy)
    __scatterload_zeroinit                   0x00000125   Thumb Code    28  __scatter_zi.o(!!handler_zi)
    _printf_d                                0x00000141   Thumb Code     0  _printf_d.o(.ARM.Collect$$_printf_percent$$00000009)
    _printf_percent                          0x00000141   Thumb Code     0  _printf_percent.o(.ARM.Collect$$_printf_percent$$00000000)
    _printf_percent_end                      0x00000147   Thumb Code     0  _printf_percent_end.o(.ARM.Collect$$_printf_percent$$00000017)
    __rt_lib_init                            0x0000014b   Thumb Code     0  libinit.o(.ARM.Collect$$libinit$$00000000)
    __rt_lib_init_alloca_1                   0x0000014d   Thumb Code     0  libinit2.o(.ARM.Collect$$libinit$$0000002E)
    __rt_lib_init_argv_1                     0x0000014d   Thumb Code     0  libinit2.o(.ARM.Collect$$libinit$$0000002C)
    __rt_lib_init_atexit_1                   0x0000014d   Thumb Code     0  libinit2.o(.ARM.Collect$$libinit$$0000001B)
    __rt_lib_init_clock_1                    0x0000014d   Thumb Code     0  libinit2.o(.ARM.Collect$$libinit$$00000021)
    __rt_lib_init_cpp_1                      0x0000014d   Thumb Code     0  libinit2.o(.ARM.Collect$$libinit$$00000032)
    __rt_lib_init_exceptions_1               0x0000014d   Thumb Code     0  libinit2.o(.ARM.Collect$$libinit$$00000030)
    __rt_lib_init_fp_1                       0x0000014d   Thumb Code     0  libinit2.o(.ARM.Collect$$libinit$$00000002)
    __rt_lib_init_fp_trap_1                  0x0000014d   Thumb Code     0  libinit2.o(.ARM.Collect$$libinit$$0000001F)
    __rt_lib_init_getenv_1                   0x0000014d   Thumb Code     0  libinit2.o(.ARM.Collect$$libinit$$00000023)
    __rt_lib_init_heap_1                     0x0000014d   Thumb Code     0  libinit2.o(.ARM.Collect$$libinit$$0000000A)
    __rt_lib_init_lc_collate_1               0x0000014d   Thumb Code     0  libinit2.o(.ARM.Collect$$libinit$$00000011)
    __rt_lib_init_lc_ctype_1                 0x0000014d   Thumb Code     0  libinit2.o(.ARM.Collect$$libinit$$00000013)
    __rt_lib_init_lc_monetary_1              0x0000014d   Thumb Code     0  libinit2.o(.ARM.Collect$$libinit$$00000015)
    __rt_lib_init_lc_numeric_1               0x0000014d   Thumb Code     0  libinit2.o(.ARM.Collect$$libinit$$00000017)
    __rt_lib_init_lc_time_1                  0x0000014d   Thumb Code     0  libinit2.o(.ARM.Collect$$libinit$$00000019)
    __rt_lib_init_preinit_1                  0x0000014d   Thumb Code     0  libinit2.o(.ARM.Collect$$libinit$$00000004)
    __rt_lib_init_rand_1                     0x0000014d   Thumb Code     0  libinit2.o(.ARM.Collect$$libinit$$0000000E)
    __rt_lib_init_return                     0x0000014d   Thumb Code     0  libinit2.o(.ARM.Collect$$libinit$$00000033)
    __rt_lib_init_signal_1                   0x0000014d   Thumb Code     0  libinit2.o(.ARM.Collect$$libinit$$0000001D)
    __rt_lib_init_stdio_1                    0x0000014d   Thumb Code     0  libinit2.o(.ARM.Collect$$libinit$$00000025)
    __rt_lib_init_user_alloc_1               0x0000014d   Thumb Code     0  libinit2.o(.ARM.Collect$$libinit$$0000000C)
    __rt_lib_shutdown                        0x0000014f   Thumb Code     0  libshutdown.o(.ARM.Collect$$libshutdown$$00000000)
    __rt_lib_shutdown_cpp_1                  0x00000151   Thumb Code     0  libshutdown2.o(.ARM.Collect$$libshutdown$$00000004)
    __rt_lib_shutdown_fini_1                 0x00000151   Thumb Code     0  libshutdown2.o(.ARM.Collect$$libshutdown$$00000002)
    __rt_lib_shutdown_fp_trap_1              0x00000151   Thumb Code     0  libshutdown2.o(.ARM.Collect$$libshutdown$$00000009)
    __rt_lib_shutdown_heap_1                 0x00000151   Thumb Code     0  libshutdown2.o(.ARM.Collect$$libshutdown$$00000011)
    __rt_lib_shutdown_return                 0x00000151   Thumb Code     0  libshutdown2.o(.ARM.Collect$$libshutdown$$00000012)
    __rt_lib_shutdown_signal_1               0x00000151   Thumb Code     0  libshutdown2.o(.ARM.Collect$$libshutdown$$0000000C)
    __rt_lib_shutdown_stdio_1                0x00000151   Thumb Code     0  libshutdown2.o(.ARM.Collect$$libshutdown$$00000006)
    __rt_lib_shutdown_user_alloc_1           0x00000151   Thumb Code     0  libshutdown2.o(.ARM.Collect$$libshutdown$$0000000E)
    __rt_entry                               0x00000153   Thumb Code     0  __rtentry.o(.ARM.Collect$$rtentry$$00000000)
    __rt_entry_presh_1                       0x00000153   Thumb Code     0  __rtentry2.o(.ARM.Collect$$rtentry$$00000002)
    __rt_entry_sh                            0x00000153   Thumb Code     0  __rtentry4.o(.ARM.Collect$$rtentry$$00000004)
    __rt_entry_li                            0x00000159   Thumb Code     0  __rtentry2.o(.ARM.Collect$$rtentry$$0000000A)
    __rt_entry_postsh_1                      0x00000159   Thumb Code     0  __rtentry2.o(.ARM.Collect$$rtentry$$00000009)
    __rt_entry_main                          0x0000015d   Thumb Code     0  __rtentry2.o(.ARM.Collect$$rtentry$$0000000D)
    __rt_entry_postli_1                      0x0000015d   Thumb Code     0  __rtentry2.o(.ARM.Collect$$rtentry$$0000000C)
    __rt_exit                                0x00000165   Thumb Code     0  rtexit.o(.ARM.Collect$$rtexit$$00000000)
    __rt_exit_ls                             0x00000167   Thumb Code     0  rtexit2.o(.ARM.Collect$$rtexit$$00000003)
    __rt_exit_prels_1                        0x00000167   Thumb Code     0  rtexit2.o(.ARM.Collect$$rtexit$$00000002)
    __rt_exit_exit                           0x0000016b   Thumb Code     0  rtexit2.o(.ARM.Collect$$rtexit$$00000004)
    Reset_Handler                            0x00000171   Thumb Code     4  startup_lpc17xx.o(.text)
    NMI_Handler                              0x00000175   Thumb Code     2  startup_lpc17xx.o(.text)
    HardFault_Handler                        0x00000177   Thumb Code     2  startup_lpc17xx.o(.text)
    MemManage_Handler                        0x00000179   Thumb Code     2  startup_lpc17xx.o(.text)
    BusFault_Handler                         0x0000017b   Thumb Code     2  startup_lpc17xx.o(.text)
    UsageFault_Handler                       0x0000017d   Thumb Code     2  startup_lpc17xx.o(.text)
    SVC_Handler                              0x0000017f   Thumb Code     2  startup_lpc17xx.o(.text)
    DebugMon_Handler                         0x00000181   Thumb Code     2  startup_lpc17xx.o(.text)
    PendSV_Handler                           0x00000183   Thumb Code     2  startup_lpc17xx.o(.text)
    SysTick_Handler                          0x00000185   Thumb Code     2  startup_lpc17xx.o(.text)
    BOD_IRQHandler                           0x00000187   Thumb Code     0  startup_lpc17xx.o(.text)
    CANActivity_IRQHandler                   0x00000187   Thumb Code     0  startup_lpc17xx.o(.text)
    CAN_IRQHandler                           0x00000187   Thumb Code     0  startup_lpc17xx.o(.text)
    DMA_IRQHandler                           0x00000187   Thumb Code     0  startup_lpc17xx.o(.text)
    EINT3_IRQHandler                         0x00000187   Thumb Code     0  startup_lpc17xx.o(.text)
    ENET_IRQHandler                          0x00000187   Thumb Code     0  startup_lpc17xx.o(.text)
    I2C0_IRQHandler                          0x00000187   Thumb Code     0  startup_lpc17xx.o(.text)
    I2C1_IRQHandler                          0x00000187   Thumb Code     0  startup_lpc17xx.o(.text)
    I2C2_IRQHandler                          0x00000187   Thumb Code     0  startup_lpc17xx.o(.text)
    I2S_IRQHandler                           0x00000187   Thumb Code     0  startup_lpc17xx.o(.text)
    MCPWM_IRQHandler                         0x00000187   Thumb Code     0  startup_lpc17xx.o(.text)
    PLL0_IRQHandler                          0x00000187   Thumb Code     0  startup_lpc17xx.o(.text)
    PLL1_IRQHandler                          0x00000187   Thumb Code     0  startup_lpc17xx.o(.text)
    PWM1_IRQHandler                          0x00000187   Thumb Code     0  startup_lpc17xx.o(.text)
    QEI_IRQHandler                           0x00000187   Thumb Code     0  startup_lpc17xx.o(.text)
    RTC_IRQHandler                           0x00000187   Thumb Code     0  startup_lpc17xx.o(.text)
    SPI_IRQHandler                           0x00000187   Thumb Code     0  startup_lpc17xx.o(.text)
    SSP0_IRQHandler                          0x00000187   Thumb Code     0  startup_lpc17xx.o(.text)
    SSP1_IRQHandler                          0x00000187   Thumb Code     0  startup_lpc17xx.o(.text)
    UART0_IRQHandler                         0x00000187   Thumb Code     0  startup_lpc17xx.o(.text)
    UART1_IRQHandler                         0x00000187   Thumb Code     0  startup_lpc17xx.o(.text)
    UART2_IRQHandler                         0x00000187   Thumb Code     0  startup_lpc17xx.o(.text)
    UART3_IRQHandler                         0x00000187   Thumb Code     0  startup_lpc17xx.o(.text)
    USBActivity_IRQHandler                   0x00000187   Thumb Code     0  startup_lpc17xx.o(.text)
    USB_IRQHandler                           0x00000187   Thumb Code     0  startup_lpc17xx.o(.text)
    WDT_IRQHandler                           0x00000187   Thumb Code     0  startup_lpc17xx.o(.text)
    __user_initial_stackheap                 0x00000189   Thumb Code     0  startup_lpc17xx.o(.text)
    main                                     0x000001a5   Thumb Code   202  sample.o(.text)
    GetASCIICode                             0x00000285   Thumb Code    14  asciilib.o(.text)
    enable_RIT                               0x00000299   Thumb Code    12  lib_rit.o(.text)
    disable_RIT                              0x000002a5   Thumb Code    12  lib_rit.o(.text)
    reset_RIT                                0x000002b1   Thumb Code     8  lib_rit.o(.text)
    init_RIT                                 0x000002b9   Thumb Code    58  lib_rit.o(.text)
    SystemInit                               0x00000301   Thumb Code   392  system_lpc17xx.o(.text)
    TIMER0_IRQHandler                        0x000004ad   Thumb Code    52  irq_timer.o(.text)
    TIMER1_IRQHandler                        0x000004e1   Thumb Code   528  irq_timer.o(.text)
    TIMER2_IRQHandler                        0x000006f1   Thumb Code   134  irq_timer.o(.text)
    TIMER3_IRQHandler                        0x00000777   Thumb Code   978  irq_timer.o(.text)
    enable_timer                             0x00000b65   Thumb Code    44  lib_timer.o(.text)
    disable_timer                            0x00000b91   Thumb Code    44  lib_timer.o(.text)
    reset_timer                              0x00000bbd   Thumb Code    62  lib_timer.o(.text)
    init_timer                               0x00000bfb   Thumb Code   342  lib_timer.o(.text)
    LCD_Initialization                       0x00001209   Thumb Code  6592  glcd.o(.text)
    LCD_Clear                                0x00002bc9   Thumb Code  1066  glcd.o(.text)
    LCD_GetPoint                             0x00003005   Thumb Code   620  glcd.o(.text)
    LCD_SetPoint                             0x00003271   Thumb Code   156  glcd.o(.text)
    LCD_DrawLine                             0x0000330d   Thumb Code   244  glcd.o(.text)
    PutChar                                  0x00003401   Thumb Code    90  glcd.o(.text)
    GUI_Text                                 0x0000345b   Thumb Code    70  glcd.o(.text)
    drawShape                                0x000034a1   Thumb Code    76  glcd.o(.text)
    wait                                     0x000034ed   Thumb Code     4  glcd.o(.text)
    LCD_WriteCommand                         0x000034f1   Thumb Code    56  glcd.o(.text)
    LCD_WritePixel                           0x00003529   Thumb Code    46  glcd.o(.text)
    LCD_ClearWindow                          0x00003557   Thumb Code   444  glcd.o(.text)
    LCD_SetWindow                            0x00003713   Thumb Code   700  glcd.o(.text)
    LCD_SetOrientation                       0x000039cf   Thumb Code   246  glcd.o(.text)
    pixel                                    0x00003ac5   Thumb Code   152  glcd.o(.text)
    LCD_DrawCircle                           0x00003b5d   Thumb Code    80  glcd.o(.text)
    LCD_DrawRectangle                        0x00003bad   Thumb Code    58  glcd.o(.text)
    LCD_Darken                               0x00003be7   Thumb Code   242  glcd.o(.text)
    LCD_GetPixel                             0x00003cd9   Thumb Code   152  glcd.o(.text)
    LCD_SetBackground                        0x00003d71   Thumb Code     8  glcd.o(.text)
    LCD_GetBackground                        0x00003d79   Thumb Code     6  glcd.o(.text)
    LCD_DrawLineLowToHigh                    0x00003d7f   Thumb Code    44  glcd.o(.text)
    LCD_DrawLineHighToLow                    0x00003dab   Thumb Code    50  glcd.o(.text)
    LCD_DrawLine45Deg                        0x00003ddd   Thumb Code    42  glcd.o(.text)
    LCD_DrawLine45DegOpposite                0x00003e07   Thumb Code    42  glcd.o(.text)
    buildCharacter                           0x00003e31   Thumb Code   264  glcd.o(.text)
    buildCharacterOption1                    0x00003f39   Thumb Code   258  glcd.o(.text)
    buildCharacterOption2                    0x0000403b   Thumb Code   258  glcd.o(.text)
    mealSnackSpace                           0x0000413d   Thumb Code    76  glcd.o(.text)
    batteryDraw                              0x00004189   Thumb Code   290  glcd.o(.text)
    ageSet                                   0x000042ab   Thumb Code    22  glcd.o(.text)
    getHap                                   0x000042c1   Thumb Code     8  glcd.o(.text)
    getSat                                   0x000042c9   Thumb Code     8  glcd.o(.text)
    updateHappiness                          0x000042d1   Thumb Code    72  glcd.o(.text)
    createMeal                               0x00004319   Thumb Code    48  glcd.o(.text)
    deleteMeal                               0x00004349   Thumb Code    38  glcd.o(.text)
    updateSatiety                            0x0000436f   Thumb Code    72  glcd.o(.text)
    createSnack                              0x000043b7   Thumb Code    90  glcd.o(.text)
    deleteSnack                              0x00004411   Thumb Code    86  glcd.o(.text)
    restart                                  0x00004467   Thumb Code   220  glcd.o(.text)
    deleteHeart1                             0x00004543   Thumb Code   410  glcd.o(.text)
    deleteHeart2                             0x000046dd   Thumb Code   328  glcd.o(.text)
    endGame                                  0x00004825   Thumb Code    62  glcd.o(.text)
    deleteCharacter1                         0x00004863   Thumb Code   136  glcd.o(.text)
    deleteCharacter2                         0x000048eb   Thumb Code   140  glcd.o(.text)
    deleteCharacter                          0x00004977   Thumb Code   154  glcd.o(.text)
    eat                                      0x00004a11   Thumb Code    18  glcd.o(.text)
    moveDownLeft1                            0x00004a23   Thumb Code   264  glcd.o(.text)
    deleteDownLeft1                          0x00004b2b   Thumb Code   274  glcd.o(.text)
    moveDownLeft2                            0x00004c3d   Thumb Code   264  glcd.o(.text)
    deleteDownLeft2                          0x00004d45   Thumb Code   266  glcd.o(.text)
    heart1                                   0x00004e4f   Thumb Code   330  glcd.o(.text)
    heart2                                   0x00004f99   Thumb Code   330  glcd.o(.text)
    buildCharacterCuddle1                    0x000050e3   Thumb Code   258  glcd.o(.text)
    buildCharacterCuddle2                    0x000051e5   Thumb Code   258  glcd.o(.text)
    drawVolume                               0x000052e7   Thumb Code   410  glcd.o(.text)
    drawPrimaTacca                           0x00005481   Thumb Code    40  glcd.o(.text)
    deletePrimaTacca                         0x000054a9   Thumb Code    42  glcd.o(.text)
    drawSecondaTacca                         0x000054d3   Thumb Code    60  glcd.o(.text)
    deleteSecondaTacca                       0x0000550f   Thumb Code    62  glcd.o(.text)
    drawTerzaTacca                           0x0000554d   Thumb Code    68  glcd.o(.text)
    deleteTerzaTacca                         0x00005591   Thumb Code    70  glcd.o(.text)
    LPC17xx_SPI_SetSpeed                     0x000055d9   Thumb Code    16  touchpanel.o(.text)
    TP_Init                                  0x0000563f   Thumb Code    20  touchpanel.o(.text)
    Read_X                                   0x000056a5   Thumb Code    34  touchpanel.o(.text)
    Read_Y                                   0x000056c7   Thumb Code    34  touchpanel.o(.text)
    TP_GetAdXY                               0x000056e9   Thumb Code    28  touchpanel.o(.text)
    TP_DrawPoint                             0x00005705   Thumb Code     8  touchpanel.o(.text)
    DrawCross                                0x0000570d   Thumb Code   266  touchpanel.o(.text)
    DeleteCross                              0x00005817   Thumb Code   268  touchpanel.o(.text)
    Read_Ads7846                             0x00005923   Thumb Code   436  touchpanel.o(.text)
    setCalibrationMatrix                     0x00005ad7   Thumb Code   334  touchpanel.o(.text)
    getDisplayPoint                          0x00005c25   Thumb Code   176  touchpanel.o(.text)
    TouchPanel_Calibrate                     0x00005cd5   Thumb Code   112  touchpanel.o(.text)
    RIT_IRQHandler                           0x00005d71   Thumb Code   690  irq_rit.o(.text)
    joystick_init                            0x00006059   Thumb Code    54  lib_joystick.o(.text)
    EINT0_IRQHandler                         0x00006099   Thumb Code    12  irq_button.o(.text)
    EINT1_IRQHandler                         0x000060a5   Thumb Code    38  irq_button.o(.text)
    EINT2_IRQHandler                         0x000060cb   Thumb Code    12  irq_button.o(.text)
    BUTTON_init                              0x000060e5   Thumb Code   106  lib_button.o(.text)
    ADC_IRQHandler                           0x00006195   Thumb Code   118  irq_adc.o(.text)
    ADC_init                                 0x0000621d   Thumb Code    42  lib_adc.o(.text)
    ADC_start_conversion                     0x00006247   Thumb Code    12  lib_adc.o(.text)
    __2sprintf                               0x00006265   Thumb Code    34  noretval__2sprintf.o(.text)
    _printf_pre_padding                      0x0000628d   Thumb Code    44  _printf_pad.o(.text)
    _printf_post_padding                     0x000062b9   Thumb Code    34  _printf_pad.o(.text)
    _printf_int_dec                          0x000062dd   Thumb Code   104  _printf_dec.o(.text)
    __printf                                 0x00006355   Thumb Code   308  __printf_flags_wp.o(.text)
    __aeabi_memcpy                           0x0000648d   Thumb Code     0  rt_memcpy_v6.o(.text)
    __rt_memcpy                              0x0000648d   Thumb Code   138  rt_memcpy_v6.o(.text)
    _memcpy_lastbytes                        0x000064f3   Thumb Code     0  rt_memcpy_v6.o(.text)
    __aeabi_memclr4                          0x00006517   Thumb Code     0  rt_memclr_w.o(.text)
    __aeabi_memclr8                          0x00006517   Thumb Code     0  rt_memclr_w.o(.text)
    __rt_memclr_w                            0x00006517   Thumb Code    78  rt_memclr_w.o(.text)
    _memset_w                                0x0000651b   Thumb Code     0  rt_memclr_w.o(.text)
    __use_two_region_memory                  0x00006565   Thumb Code     2  heapauxi.o(.text)
    __rt_heap_escrow$2region                 0x00006567   Thumb Code     2  heapauxi.o(.text)
    __rt_heap_expand$2region                 0x00006569   Thumb Code     2  heapauxi.o(.text)
    _printf_int_common                       0x0000656b   Thumb Code   178  _printf_intcommon.o(.text)
    _printf_char_common                      0x00006627   Thumb Code    32  _printf_char_common.o(.text)
    _sputc                                   0x0000664d   Thumb Code    10  _sputc.o(.text)
    __aeabi_memcpy4                          0x00006657   Thumb Code     0  rt_memcpy_w.o(.text)
    __aeabi_memcpy8                          0x00006657   Thumb Code     0  rt_memcpy_w.o(.text)
    __rt_memcpy_w                            0x00006657   Thumb Code   100  rt_memcpy_w.o(.text)
    _memcpy_lastbytes_aligned                0x0000669f   Thumb Code     0  rt_memcpy_w.o(.text)
    __user_setup_stackheap                   0x000066bb   Thumb Code    74  sys_stackheap_outer.o(.text)
    exit                                     0x00006705   Thumb Code    18  exit.o(.text)
    __user_libspace                          0x00006719   Thumb Code     8  libspace.o(.text)
    __user_perproc_libspace                  0x00006719   Thumb Code     0  libspace.o(.text)
    __user_perthread_libspace                0x00006719   Thumb Code     0  libspace.o(.text)
    _sys_exit                                0x00006721   Thumb Code     8  sys_exit.o(.text)
    __I$use$semihosting                      0x0000672d   Thumb Code     0  use_no_semi.o(.text)
    __use_no_semihosting_swi                 0x0000672d   Thumb Code     2  use_no_semi.o(.text)
    __semihosting_library_function           0x0000672f   Thumb Code     0  indicate_semi.o(.text)
    _is_digit                                0x0000672f   Thumb Code    14  __printf_wp.o(i._is_digit)
    __aeabi_dadd                             0x0000673d   Thumb Code     0  daddsub_clz.o(x$fpl$dadd)
    _dadd                                    0x0000673d   Thumb Code   332  daddsub_clz.o(x$fpl$dadd)
    __fpl_dcmp_Inf                           0x0000688d   Thumb Code    24  dcmpi.o(x$fpl$dcmpinf)
    __aeabi_ddiv                             0x000068a5   Thumb Code     0  ddiv.o(x$fpl$ddiv)
    _ddiv                                    0x000068a5   Thumb Code   552  ddiv.o(x$fpl$ddiv)
    __aeabi_cdcmpeq                          0x00006b55   Thumb Code     0  deqf.o(x$fpl$deqf)
    _dcmpeq                                  0x00006b55   Thumb Code   120  deqf.o(x$fpl$deqf)
    __aeabi_d2uiz                            0x00006bcd   Thumb Code     0  dfixu.o(x$fpl$dfixu)
    _dfixu                                   0x00006bcd   Thumb Code    90  dfixu.o(x$fpl$dfixu)
    __aeabi_i2d                              0x00006c27   Thumb Code     0  dflt_clz.o(x$fpl$dflt)
    _dflt                                    0x00006c27   Thumb Code    46  dflt_clz.o(x$fpl$dflt)
    __aeabi_ui2d                             0x00006c55   Thumb Code     0  dflt_clz.o(x$fpl$dfltu)
    _dfltu                                   0x00006c55   Thumb Code    38  dflt_clz.o(x$fpl$dfltu)
    __aeabi_dmul                             0x00006c7d   Thumb Code     0  dmul.o(x$fpl$dmul)
    _dmul                                    0x00006c7d   Thumb Code   332  dmul.o(x$fpl$dmul)
    __fpl_dnaninf                            0x00006dd1   Thumb Code   156  dnaninf.o(x$fpl$dnaninf)
    __fpl_dretinf                            0x00006e6d   Thumb Code    12  dretinf.o(x$fpl$dretinf)
    __aeabi_dsub                             0x00006e79   Thumb Code     0  daddsub_clz.o(x$fpl$dsub)
    _dsub                                    0x00006e79   Thumb Code   464  daddsub_clz.o(x$fpl$dsub)
    __I$use$fp                               0x0000704c   Number         0  usenofp.o(x$fpl$usenofp)
    Region$$Table$$Base                      0x00007650   Number         0  anon$$obj.o(Region$$Table)
    Region$$Table$$Limit                     0x00007680   Number         0  anon$$obj.o(Region$$Table)
    ScaleFlag                                0x2007c000   Data           1  system_lpc17xx.o(.data)
    SystemFrequency                          0x2007c004   Data           4  system_lpc17xx.o(.data)
    battery                                  0x2007c008   Data           4  irq_timer.o(.data)
    SinTable                                 0x2007c028   Data          90  irq_timer.o(.data)
    ss                                       0x2007c088   Data           4  glcd.o(.data)
    hh                                       0x2007c08c   Data           4  glcd.o(.data)
    mm                                       0x2007c090   Data           4  glcd.o(.data)
    nHappiness                               0x2007c094   Data           4  glcd.o(.data)
    nSatiety                                 0x2007c098   Data           4  glcd.o(.data)
    dead                                     0x2007c09c   Data           4  glcd.o(.data)
    eating                                   0x2007c0a0   Data           4  glcd.o(.data)
    cuddle                                   0x2007c0a4   Data           4  glcd.o(.data)
    DisplaySample                            0x2007c0ac   Data          12  touchpanel.o(.data)
    display                                  0x2007c0b8   Data           4  touchpanel.o(.data)
    selectedHap                              0x2007c0bc   Data           4  irq_rit.o(.data)
    selectedSat                              0x2007c0c0   Data           4  irq_rit.o(.data)
    AD_last                                  0x2007c0d8   Data           2  irq_adc.o(.data)
    AD_current                               0x2007c0da   Data           2  irq_adc.o(.data)
    volume                                   0x2007c0e0   Data           8  irq_adc.o(.data)
    matrix                                   0x2007c0e8   Data          56  touchpanel.o(.bss)
    ScreenSample                             0x2007c120   Data          12  touchpanel.o(.bss)
    __libspace_start                         0x2007c12c   Data          96  libspace.o(.bss)
    __temporary_stack_top$libspace           0x2007c18c   Data           0  libspace.o(.bss)



==============================================================================

Memory Map of the image

  Image Entry point : 0x000000cd

  Load Region LR_IROM1 (Base: 0x00000000, Size: 0x00007768, Max: 0x00080000, ABSOLUTE)

    Execution Region ER_IROM1 (Exec base: 0x00000000, Load base: 0x00000000, Size: 0x00007680, Max: 0x00080000, ABSOLUTE)

    Exec Addr    Load Addr    Size         Type   Attr      Idx    E Section Name        Object

    0x00000000   0x00000000   0x000000cc   Data   RO            3    RESET               startup_lpc17xx.o
    0x000000cc   0x000000cc   0x00000008   Code   RO          661  * !!!main             c_w.l(__main.o)
    0x000000d4   0x000000d4   0x00000034   Code   RO          862    !!!scatter          c_w.l(__scatter.o)
    0x00000108   0x00000108   0x0000001a   Code   RO          864    !!handler_copy      c_w.l(__scatter_copy.o)
    0x00000122   0x00000122   0x00000002   PAD
    0x00000124   0x00000124   0x0000001c   Code   RO          866    !!handler_zi        c_w.l(__scatter_zi.o)
    0x00000140   0x00000140   0x00000000   Code   RO          654    .ARM.Collect$$_printf_percent$$00000000  c_w.l(_printf_percent.o)
    0x00000140   0x00000140   0x00000006   Code   RO          653    .ARM.Collect$$_printf_percent$$00000009  c_w.l(_printf_d.o)
    0x00000146   0x00000146   0x00000004   Code   RO          694    .ARM.Collect$$_printf_percent$$00000017  c_w.l(_printf_percent_end.o)
    0x0000014a   0x0000014a   0x00000002   Code   RO          730    .ARM.Collect$$libinit$$00000000  c_w.l(libinit.o)
    0x0000014c   0x0000014c   0x00000000   Code   RO          737    .ARM.Collect$$libinit$$00000002  c_w.l(libinit2.o)
    0x0000014c   0x0000014c   0x00000000   Code   RO          739    .ARM.Collect$$libinit$$00000004  c_w.l(libinit2.o)
    0x0000014c   0x0000014c   0x00000000   Code   RO          742    .ARM.Collect$$libinit$$0000000A  c_w.l(libinit2.o)
    0x0000014c   0x0000014c   0x00000000   Code   RO          744    .ARM.Collect$$libinit$$0000000C  c_w.l(libinit2.o)
    0x0000014c   0x0000014c   0x00000000   Code   RO          746    .ARM.Collect$$libinit$$0000000E  c_w.l(libinit2.o)
    0x0000014c   0x0000014c   0x00000000   Code   RO          749    .ARM.Collect$$libinit$$00000011  c_w.l(libinit2.o)
    0x0000014c   0x0000014c   0x00000000   Code   RO          751    .ARM.Collect$$libinit$$00000013  c_w.l(libinit2.o)
    0x0000014c   0x0000014c   0x00000000   Code   RO          753    .ARM.Collect$$libinit$$00000015  c_w.l(libinit2.o)
    0x0000014c   0x0000014c   0x00000000   Code   RO          755    .ARM.Collect$$libinit$$00000017  c_w.l(libinit2.o)
    0x0000014c   0x0000014c   0x00000000   Code   RO          757    .ARM.Collect$$libinit$$00000019  c_w.l(libinit2.o)
    0x0000014c   0x0000014c   0x00000000   Code   RO          759    .ARM.Collect$$libinit$$0000001B  c_w.l(libinit2.o)
    0x0000014c   0x0000014c   0x00000000   Code   RO          761    .ARM.Collect$$libinit$$0000001D  c_w.l(libinit2.o)
    0x0000014c   0x0000014c   0x00000000   Code   RO          763    .ARM.Collect$$libinit$$0000001F  c_w.l(libinit2.o)
    0x0000014c   0x0000014c   0x00000000   Code   RO          765    .ARM.Collect$$libinit$$00000021  c_w.l(libinit2.o)
    0x0000014c   0x0000014c   0x00000000   Code   RO          767    .ARM.Collect$$libinit$$00000023  c_w.l(libinit2.o)
    0x0000014c   0x0000014c   0x00000000   Code   RO          769    .ARM.Collect$$libinit$$00000025  c_w.l(libinit2.o)
    0x0000014c   0x0000014c   0x00000000   Code   RO          773    .ARM.Collect$$libinit$$0000002C  c_w.l(libinit2.o)
    0x0000014c   0x0000014c   0x00000000   Code   RO          775    .ARM.Collect$$libinit$$0000002E  c_w.l(libinit2.o)
    0x0000014c   0x0000014c   0x00000000   Code   RO          777    .ARM.Collect$$libinit$$00000030  c_w.l(libinit2.o)
    0x0000014c   0x0000014c   0x00000000   Code   RO          779    .ARM.Collect$$libinit$$00000032  c_w.l(libinit2.o)
    0x0000014c   0x0000014c   0x00000002   Code   RO          780    .ARM.Collect$$libinit$$00000033  c_w.l(libinit2.o)
    0x0000014e   0x0000014e   0x00000002   Code   RO          800    .ARM.Collect$$libshutdown$$00000000  c_w.l(libshutdown.o)
    0x00000150   0x00000150   0x00000000   Code   RO          813    .ARM.Collect$$libshutdown$$00000002  c_w.l(libshutdown2.o)
    0x00000150   0x00000150   0x00000000   Code   RO          815    .ARM.Collect$$libshutdown$$00000004  c_w.l(libshutdown2.o)
    0x00000150   0x00000150   0x00000000   Code   RO          817    .ARM.Collect$$libshutdown$$00000006  c_w.l(libshutdown2.o)
    0x00000150   0x00000150   0x00000000   Code   RO          820    .ARM.Collect$$libshutdown$$00000009  c_w.l(libshutdown2.o)
    0x00000150   0x00000150   0x00000000   Code   RO          823    .ARM.Collect$$libshutdown$$0000000C  c_w.l(libshutdown2.o)
    0x00000150   0x00000150   0x00000000   Code   RO          825    .ARM.Collect$$libshutdown$$0000000E  c_w.l(libshutdown2.o)
    0x00000150   0x00000150   0x00000000   Code   RO          828    .ARM.Collect$$libshutdown$$00000011  c_w.l(libshutdown2.o)
    0x00000150   0x00000150   0x00000002   Code   RO          829    .ARM.Collect$$libshutdown$$00000012  c_w.l(libshutdown2.o)
    0x00000152   0x00000152   0x00000000   Code   RO          687    .ARM.Collect$$rtentry$$00000000  c_w.l(__rtentry.o)
    0x00000152   0x00000152   0x00000000   Code   RO          705    .ARM.Collect$$rtentry$$00000002  c_w.l(__rtentry2.o)
    0x00000152   0x00000152   0x00000006   Code   RO          717    .ARM.Collect$$rtentry$$00000004  c_w.l(__rtentry4.o)
    0x00000158   0x00000158   0x00000000   Code   RO          707    .ARM.Collect$$rtentry$$00000009  c_w.l(__rtentry2.o)
    0x00000158   0x00000158   0x00000004   Code   RO          708    .ARM.Collect$$rtentry$$0000000A  c_w.l(__rtentry2.o)
    0x0000015c   0x0000015c   0x00000000   Code   RO          710    .ARM.Collect$$rtentry$$0000000C  c_w.l(__rtentry2.o)
    0x0000015c   0x0000015c   0x00000008   Code   RO          711    .ARM.Collect$$rtentry$$0000000D  c_w.l(__rtentry2.o)
    0x00000164   0x00000164   0x00000002   Code   RO          734    .ARM.Collect$$rtexit$$00000000  c_w.l(rtexit.o)
    0x00000166   0x00000166   0x00000000   Code   RO          782    .ARM.Collect$$rtexit$$00000002  c_w.l(rtexit2.o)
    0x00000166   0x00000166   0x00000004   Code   RO          783    .ARM.Collect$$rtexit$$00000003  c_w.l(rtexit2.o)
    0x0000016a   0x0000016a   0x00000006   Code   RO          784    .ARM.Collect$$rtexit$$00000004  c_w.l(rtexit2.o)
    0x00000170   0x00000170   0x00000034   Code   RO            5    .text               startup_lpc17xx.o
    0x000001a4   0x000001a4   0x000000e0   Code   RO           16    .text               sample.o
    0x00000284   0x00000284   0x00000014   Code   RO          213    .text               asciilib.o
    0x00000298   0x00000298   0x00000064   Code   RO          375    .text               lib_rit.o
    0x000002fc   0x000002fc   0x00000004   Code   RO            4    .ARM.__at_0x02FC    startup_lpc17xx.o
    0x00000300   0x00000300   0x000001ac   Code   RO          101    .text               system_lpc17xx.o
    0x000004ac   0x000004ac   0x000006b8   Code   RO          128    .text               irq_timer.o
    0x00000b64   0x00000b64   0x00000234   Code   RO          188    .text               lib_timer.o
    0x00000d98   0x00000d98   0x0000483e   Code   RO          233    .text               glcd.o
    0x000055d6   0x000055d6   0x00000002   PAD
    0x000055d8   0x000055d8   0x00000798   Code   RO          285    .text               touchpanel.o
    0x00005d70   0x00005d70   0x000002e8   Code   RO          327    .text               irq_rit.o
    0x00006058   0x00006058   0x00000040   Code   RO          427    .text               lib_joystick.o
    0x00006098   0x00006098   0x0000004c   Code   RO          506    .text               irq_button.o
    0x000060e4   0x000060e4   0x000000b0   Code   RO          535    .text               lib_button.o
    0x00006194   0x00006194   0x00000088   Code   RO          559    .text               irq_adc.o
    0x0000621c   0x0000621c   0x00000048   Code   RO          600    .text               lib_adc.o
    0x00006264   0x00006264   0x00000028   Code   RO          625    .text               c_w.l(noretval__2sprintf.o)
    0x0000628c   0x0000628c   0x0000004e   Code   RO          629    .text               c_w.l(_printf_pad.o)
    0x000062da   0x000062da   0x00000002   PAD
    0x000062dc   0x000062dc   0x00000078   Code   RO          631    .text               c_w.l(_printf_dec.o)
    0x00006354   0x00006354   0x00000138   Code   RO          645    .text               c_w.l(__printf_flags_wp.o)
    0x0000648c   0x0000648c   0x0000008a   Code   RO          655    .text               c_w.l(rt_memcpy_v6.o)
    0x00006516   0x00006516   0x0000004e   Code   RO          657    .text               c_w.l(rt_memclr_w.o)
    0x00006564   0x00006564   0x00000006   Code   RO          659    .text               c_w.l(heapauxi.o)
    0x0000656a   0x0000656a   0x000000b2   Code   RO          688    .text               c_w.l(_printf_intcommon.o)
    0x0000661c   0x0000661c   0x00000030   Code   RO          690    .text               c_w.l(_printf_char_common.o)
    0x0000664c   0x0000664c   0x0000000a   Code   RO          692    .text               c_w.l(_sputc.o)
    0x00006656   0x00006656   0x00000064   Code   RO          695    .text               c_w.l(rt_memcpy_w.o)
    0x000066ba   0x000066ba   0x0000004a   Code   RO          721    .text               c_w.l(sys_stackheap_outer.o)
    0x00006704   0x00006704   0x00000012   Code   RO          723    .text               c_w.l(exit.o)
    0x00006716   0x00006716   0x00000002   PAD
    0x00006718   0x00006718   0x00000008   Code   RO          731    .text               c_w.l(libspace.o)
    0x00006720   0x00006720   0x0000000c   Code   RO          792    .text               c_w.l(sys_exit.o)
    0x0000672c   0x0000672c   0x00000002   Code   RO          803    .text               c_w.l(use_no_semi.o)
    0x0000672e   0x0000672e   0x00000000   Code   RO          805    .text               c_w.l(indicate_semi.o)
    0x0000672e   0x0000672e   0x0000000e   Code   RO          643    i._is_digit         c_w.l(__printf_wp.o)
    0x0000673c   0x0000673c   0x00000150   Code   RO          663    x$fpl$dadd          fz_ws.l(daddsub_clz.o)
    0x0000688c   0x0000688c   0x00000018   Code   RO          697    x$fpl$dcmpinf       fz_ws.l(dcmpi.o)
    0x000068a4   0x000068a4   0x000002b0   Code   RO          670    x$fpl$ddiv          fz_ws.l(ddiv.o)
    0x00006b54   0x00006b54   0x00000078   Code   RO          673    x$fpl$deqf          fz_ws.l(deqf.o)
    0x00006bcc   0x00006bcc   0x0000005a   Code   RO          675    x$fpl$dfixu         fz_ws.l(dfixu.o)
    0x00006c26   0x00006c26   0x0000002e   Code   RO          680    x$fpl$dflt          fz_ws.l(dflt_clz.o)
    0x00006c54   0x00006c54   0x00000026   Code   RO          679    x$fpl$dfltu         fz_ws.l(dflt_clz.o)
    0x00006c7a   0x00006c7a   0x00000002   PAD
    0x00006c7c   0x00006c7c   0x00000154   Code   RO          685    x$fpl$dmul          fz_ws.l(dmul.o)
    0x00006dd0   0x00006dd0   0x0000009c   Code   RO          699    x$fpl$dnaninf       fz_ws.l(dnaninf.o)
    0x00006e6c   0x00006e6c   0x0000000c   Code   RO          701    x$fpl$dretinf       fz_ws.l(dretinf.o)
    0x00006e78   0x00006e78   0x000001d4   Code   RO          665    x$fpl$dsub          fz_ws.l(daddsub_clz.o)
    0x0000704c   0x0000704c   0x00000000   Code   RO          703    x$fpl$usenofp       fz_ws.l(usenofp.o)
    0x0000704c   0x0000704c   0x000005f0   Data   RO          214    .constdata          asciilib.o
    0x0000763c   0x0000763c   0x00000011   Data   RO          646    .constdata          c_w.l(__printf_flags_wp.o)
    0x0000764d   0x0000764d   0x00000003   PAD
    0x00007650   0x00007650   0x00000030   Data   RO          860    Region$$Table       anon$$obj.o


    Execution Region RW_IRAM1 (Exec base: 0x10000000, Load base: 0x00007680, Size: 0x00000200, Max: 0x00008000, ABSOLUTE)

    Exec Addr    Load Addr    Size         Type   Attr      Idx    E Section Name        Object

    0x10000000        -       0x00000200   Zero   RW            1    STACK               startup_lpc17xx.o


    Execution Region RW_IRAM2 (Exec base: 0x2007c000, Load base: 0x00007680, Size: 0x00000190, Max: 0x00008000, ABSOLUTE)

    Exec Addr    Load Addr    Size         Type   Attr      Idx    E Section Name        Object

    0x2007c000   0x00007680   0x00000008   Data   RW          102    .data               system_lpc17xx.o
    0x2007c008   0x00007688   0x0000007a   Data   RW          130    .data               irq_timer.o
    0x2007c082   0x00007702   0x00000002   PAD
    0x2007c084   0x00007704   0x0000001c   Data   RW          234    .data               glcd.o
    0x2007c0a0   0x00007720   0x00000004   Data   RW          235    .data               glcd.o
    0x2007c0a4   0x00007724   0x00000004   Data   RW          236    .data               glcd.o
    0x2007c0a8   0x00007728   0x00000010   Data   RW          287    .data               touchpanel.o
    0x2007c0b8   0x00007738   0x00000004   Data   RW          288    .data               touchpanel.o
    0x2007c0bc   0x0000773c   0x0000001c   Data   RW          329    .data               irq_rit.o
    0x2007c0d8   0x00007758   0x00000010   Data   RW          561    .data               irq_adc.o
    0x2007c0e8        -       0x00000044   Zero   RW          286    .bss                touchpanel.o
    0x2007c12c        -       0x00000060   Zero   RW          732    .bss                c_w.l(libspace.o)
    0x2007c18c   0x00007768   0x00000004   PAD
    0x2007c190        -       0x00000000   Zero   RW            2    HEAP                startup_lpc17xx.o


==============================================================================

Image component sizes


      Code (inc. data)   RO Data    RW Data    ZI Data      Debug   Object Name

        20          6       1520          0          0       1083   asciilib.o
     18494        156          0         36          0      49664   glcd.o
       136         18          0         16          0       1380   irq_adc.o
        76         14          0          0          0      27180   irq_button.o
       744         54          0         28          0       1869   irq_rit.o
      1720        112          0        122          0      20005   irq_timer.o
        72         18          0          0          0        648   lib_adc.o
       176         12          0          0          0        882   lib_button.o
        64         10          0          0          0        480   lib_joystick.o
       100         10          0          0          0      27343   lib_rit.o
       564         14          0          0          0      28683   lib_timer.o
       224         22          0          0          0       5063   sample.o
        56         22        204          0        512       1076   startup_lpc17xx.o
       428         36          0          8          0        973   system_lpc17xx.o
      1944         60          0         20         68       6322   touchpanel.o

    ----------------------------------------------------------------------
     24820        564       1772        232        580     172651   Object Totals
         0          0         48          0          0          0   (incl. Generated)
         2          0          0          2          0          0   (incl. Padding)

    ----------------------------------------------------------------------

      Code (inc. data)   RO Data    RW Data    ZI Data      Debug   Library Member Name

         8          0          0          0          0         68   __main.o
       312          4         17          0          0         92   __printf_flags_wp.o
        14          0          0          0          0         68   __printf_wp.o
         0          0          0          0          0          0   __rtentry.o
        12          0          0          0          0          0   __rtentry2.o
         6          0          0          0          0          0   __rtentry4.o
        52          8          0          0          0          0   __scatter.o
        26          0          0          0          0          0   __scatter_copy.o
        28          0          0          0          0          0   __scatter_zi.o
        48          6          0          0          0         96   _printf_char_common.o
         6          0          0          0          0          0   _printf_d.o
       120         16          0          0          0         92   _printf_dec.o
       178          0          0          0          0         88   _printf_intcommon.o
        78          0          0          0          0        108   _printf_pad.o
         0          0          0          0          0          0   _printf_percent.o
         4          0          0          0          0          0   _printf_percent_end.o
        10          0          0          0          0         68   _sputc.o
        18          0          0          0          0         80   exit.o
         6          0          0          0          0        152   heapauxi.o
         0          0          0          0          0          0   indicate_semi.o
         2          0          0          0          0          0   libinit.o
         2          0          0          0          0          0   libinit2.o
         2          0          0          0          0          0   libshutdown.o
         2          0          0          0          0          0   libshutdown2.o
         8          4          0          0         96         68   libspace.o
        40          6          0          0          0         84   noretval__2sprintf.o
        78          0          0          0          0         80   rt_memclr_w.o
       138          0          0          0          0         68   rt_memcpy_v6.o
       100          0          0          0          0         80   rt_memcpy_w.o
         2          0          0          0          0          0   rtexit.o
        10          0          0          0          0          0   rtexit2.o
        12          4          0          0          0         68   sys_exit.o
        74          0          0          0          0         80   sys_stackheap_outer.o
         2          0          0          0          0         68   use_no_semi.o
       804         16          0          0          0        272   daddsub_clz.o
        24          0          0          0          0         68   dcmpi.o
       688        140          0          0          0        208   ddiv.o
       120          4          0          0          0         92   deqf.o
        90          4          0          0          0         92   dfixu.o
        84          0          0          0          0        136   dflt_clz.o
       340         12          0          0          0        104   dmul.o
       156          4          0          0          0         92   dnaninf.o
        12          0          0          0          0         68   dretinf.o
         0          0          0          0          0          0   usenofp.o

    ----------------------------------------------------------------------
      3724        228         20          0        100       2640   Library Totals
         8          0          3          0          4          0   (incl. Padding)

    ----------------------------------------------------------------------

      Code (inc. data)   RO Data    RW Data    ZI Data      Debug   Library Name

      1398         48         17          0         96       1508   c_w.l
      2318        180          0          0          0       1132   fz_ws.l

    ----------------------------------------------------------------------
      3724        228         20          0        100       2640   Library Totals

    ----------------------------------------------------------------------

==============================================================================


      Code (inc. data)   RO Data    RW Data    ZI Data      Debug   

     28544        792       1792        232        680     173155   Grand Totals
     28544        792       1792        232        680     173155   ELF Image Totals
     28544        792       1792        232          0          0   ROM Totals

==============================================================================

    Total RO  Size (Code + RO Data)                30336 (  29.63kB)
    Total RW  Size (RW Data + ZI Data)               912 (   0.89kB)
    Total ROM Size (Code + RO Data + RW Data)      30568 (  29.85kB)

==============================================================================

